Setting top to                           : /home/akiyama/proj/blender-automated/submodules/ardupilot 
Setting out to                           : /home/akiyama/proj/blender-automated/submodules/ardupilot/build 
Autoconfiguration                        : enabled 
Checking for program 'python'            : /home/akiyama/proj/blender-automated/env/bin/python3 
Checking for python version >= 3.6.9     : 3.14.5 
Setting board to                         : sitl 
Using toolchain                          : native 
Checking for 'g++' (C++ compiler)        : g++-15 
Checking for 'gcc' (C compiler)          : gcc-15 
Checking for c flags '-MMD'              : yes 
Checking for cxx flags '-MMD'            : yes 
CXX Compiler                             : g++ 15.2.1 
Checking for need to link with librt     : not necessary 
Checking for feenableexcept              : yes 
Enabling -Werror                         : no 
Enabled OpenDroneID                      : no 
Enabled firmware ID checking             : no 
GPS Debug Logging                        : no 
Enabled custom controller                : yes 
Checking for HAVE_CMATH_ISFINITE         : yes 
Checking for HAVE_CMATH_ISINF            : yes 
Checking for HAVE_CMATH_ISNAN            : yes 
Checking for NEED_CMATH_ISFINITE_STD_NAMESPACE : yes 
Checking for NEED_CMATH_ISINF_STD_NAMESPACE    : yes 
Checking for NEED_CMATH_ISNAN_STD_NAMESPACE    : yes 
Checking for header endian.h                   : yes 
Checking for header byteswap.h                 : yes 
Checking for HAVE_MEMRCHR                      : yes 
Configured VSCode Intellisense:                : no 
DC_DSDL compiler in                            : /home/akiyama/proj/blender-automated/submodules/ardupilot/modules/DroneCAN/dronecan_dsdlc 
Source is git repository                       : yes 
Update submodules                              : yes 
Checking for program 'git'                     : /usr/bin/git 
Checking for program 'size'                    : /usr/bin/size 
Benchmarks                                     : disabled 
Unit tests                                     : enabled 
Scripting                                      : maybe 
Scripting runtime checks                       : enabled 
Debug build                                    : disabled 
Coverage build                                 : disabled 
Force 32-bit build                             : disabled 
Checking for program 'rsync'                   : /usr/bin/rsync 
Removing target_list file /home/akiyama/proj/blender-automated/submodules/ardupilot/build/sitl/target_list
'configure' finished successfully (1.485s)
Waf: Entering directory `/home/akiyama/proj/blender-automated/submodules/ardupilot/build/sitl'
Embedding file locations.txt:Tools/autotest/locations.txt
Embedding file models/Callisto.json:Tools/autotest/models/Callisto.json
Embedding file models/freestyle.json:Tools/autotest/models/freestyle.json
Embedding file models/plane-3d.parm:Tools/autotest/models/plane-3d.parm
Embedding file models/plane.parm:Tools/autotest/models/plane.parm
Embedding file models/xplane_heli.json:Tools/autotest/models/xplane_heli.json
Embedding file models/xplane_plane.json:Tools/autotest/models/xplane_plane.json
No target_list file found, creating
Generating compile_commands.json
Build commands will be stored in build/sitl/compile_commands.json
Generating compile_commands.json
Build commands will be stored in build/sitl/compile_commands.json
[1348/1349] Linking build/sitl/bin/arducopter
[1349/1349] checking symbols build/sitl/bin/arducopter
Waf: Leaving directory `/home/akiyama/proj/blender-automated/submodules/ardupilot/build/sitl'

BUILD SUMMARY
Build directory: /home/akiyama/proj/blender-automated/submodules/ardupilot/build/sitl
Target          Text (B)  Data (B)  BSS (B)  Total Flash Used (B)  Free Flash (B)  External Flash Used (B)
----------------------------------------------------------------------------------------------------------
bin/arducopter   3840266      7917   224768               3848183  Not Applicable  Not Applicable         

'build' finished successfully (1.936s)
RiTW: Starting ArduCopter : /home/akiyama/proj/blender-automated/submodules/ardupilot/build/sitl/bin/arducopter -S --model + --speedup 1 --slave 0 --defaults Tools/autotest/default_params/copter.parm --sim-address=127.0.0.1 -I0
WARNING: You should uninstall ModemManager as it conflicts with APM and Pixhawk
Connect tcp:127.0.0.1:5760 source_system=255
Failed to load module: No module named 'console'. Use 'set moddebug 3' in the MAVProxy console to enable traceback
Log Directory: 
Telemetry log: mav.tlog
Waiting for heartbeat from tcp:127.0.0.1:5760
MAV> AP: Calibrating barometer
Detected vehicle 1:1 on link 0
online system 1
STABILIZE> Mode STABILIZE
Got COMMAND_ACK: SET_MESSAGE_INTERVAL: ACCEPTED
Got COMMAND_ACK: SET_MESSAGE_INTERVAL: ACCEPTED
Got COMMAND_ACK: SET_MESSAGE_INTERVAL: ACCEPTED
AP: Arm: System not initialised
Got COMMAND_ACK: COMPONENT_ARM_DISARM: FAILED
AP: ArduCopter V4.6.3 (92b0cd78)
AP: 944e3030de06417cbcf937910cb55484
AP: Frame: QUAD/PLUS
Got COMMAND_ACK: SET_MESSAGE_INTERVAL: ACCEPTED
AP: Barometer 1 calibration complete
AP: Barometer 2 calibration complete
Init Gyro**Received 1397 parameters (ftp)
Saved 1397 parameters to mav.parm

AP: ArduPilot Ready
AP: AHRS: DCM active
Got COMMAND_ACK: SET_MESSAGE_INTERVAL: ACCEPTED
AP: RC7: SaveWaypoint LOW
Got COMMAND_ACK: SET_MESSAGE_INTERVAL: ACCEPTED
AP: EKF3 IMU0 initialised
AP: EKF3 IMU1 initialised
AP: AHRS: EKF3 active
Got COMMAND_ACK: SET_MESSAGE_INTERVAL: ACCEPTED
Got COMMAND_ACK: SET_MESSAGE_INTERVAL: ACCEPTED
Got COMMAND_ACK: SET_MESSAGE_INTERVAL: ACCEPTED
Got COMMAND_ACK: SET_MESSAGE_INTERVAL: ACCEPTED
Got COMMAND_ACK: SET_MESSAGE_INTERVAL: ACCEPTED
Got COMMAND_ACK: SET_MESSAGE_INTERVAL: ACCEPTED
Got COMMAND_ACK: SET_MESSAGE_INTERVAL: ACCEPTED
Got COMMAND_ACK: SET_MESSAGE_INTERVAL: ACCEPTED
Got COMMAND_ACK: SET_MESSAGE_INTERVAL: ACCEPTED
Got COMMAND_ACK: SET_MESSAGE_INTERVAL: ACCEPTED
Got COMMAND_ACK: SET_MESSAGE_INTERVAL: ACCEPTED
Got COMMAND_ACK: SET_MESSAGE_INTERVAL: ACCEPTED
Got COMMAND_ACK: SET_MESSAGE_INTERVAL: ACCEPTED
Got COMMAND_ACK: SET_MESSAGE_INTERVAL: ACCEPTED
Got COMMAND_ACK: SET_MESSAGE_INTERVAL: ACCEPTED
Got COMMAND_ACK: SET_MESSAGE_INTERVAL: ACCEPTED
Got COMMAND_ACK: SET_MESSAGE_INTERVAL: ACCEPTED
Got COMMAND_ACK: SET_MESSAGE_INTERVAL: ACCEPTED
Got COMMAND_ACK: SET_MESSAGE_INTERVAL: ACCEPTED
Got COMMAND_ACK: SET_MESSAGE_INTERVAL: ACCEPTED
Got COMMAND_ACK: SET_MESSAGE_INTERVAL: ACCEPTED
Got COMMAND_ACK: SET_MESSAGE_INTERVAL: ACCEPTED
Got COMMAND_ACK: SET_MESSAGE_INTERVAL: ACCEPTED
Got COMMAND_ACK: SET_MESSAGE_INTERVAL: ACCEPTED
AP: EKF3 IMU1 tilt alignment complete
AP: EKF3 IMU0 tilt alignment complete
Got COMMAND_ACK: SET_MESSAGE_INTERVAL: ACCEPTED
Got COMMAND_ACK: SET_MESSAGE_INTERVAL: ACCEPTED
AP: EKF3 IMU1 MAG0 initial yaw alignment complete
AP: EKF3 IMU0 MAG0 initial yaw alignment complete
Got COMMAND_ACK: SET_MESSAGE_INTERVAL: ACCEPTED
Got COMMAND_ACK: SET_MESSAGE_INTERVAL: ACCEPTED
Got COMMAND_ACK: SET_MESSAGE_INTERVAL: ACCEPTED
Got COMMAND_ACK: SET_MESSAGE_INTERVAL: ACCEPTED
Got COMMAND_ACK: SET_MESSAGE_INTERVAL: ACCEPTED
Got COMMAND_ACK: SET_MESSAGE_INTERVAL: ACCEPTED
Got COMMAND_ACK: SET_MESSAGE_INTERVAL: ACCEPTED
Got COMMAND_ACK: SET_MESSAGE_INTERVAL: ACCEPTED
Got COMMAND_ACK: SET_MESSAGE_INTERVAL: ACCEPTED
Got COMMAND_ACK: SET_MESSAGE_INTERVAL: ACCEPTED
Got COMMAND_ACK: SET_MESSAGE_INTERVAL: ACCEPTED
Got COMMAND_ACK: SET_MESSAGE_INTERVAL: ACCEPTED
Got COMMAND_ACK: SET_MESSAGE_INTERVAL: ACCEPTED
Got COMMAND_ACK: SET_MESSAGE_INTERVAL: ACCEPTED
Got COMMAND_ACK: SET_MESSAGE_INTERVAL: ACCEPTED
Got COMMAND_ACK: SET_MESSAGE_INTERVAL: ACCEPTED
Got COMMAND_ACK: SET_MESSAGE_INTERVAL: ACCEPTED
Got COMMAND_ACK: SET_MESSAGE_INTERVAL: ACCEPTED
Got COMMAND_ACK: SET_MESSAGE_INTERVAL: ACCEPTED
Got COMMAND_ACK: SET_MESSAGE_INTERVAL: ACCEPTED
Got COMMAND_ACK: SET_MESSAGE_INTERVAL: ACCEPTED
Got COMMAND_ACK: SET_MESSAGE_INTERVAL: ACCEPTED
Got COMMAND_ACK: SET_MESSAGE_INTERVAL: ACCEPTED
Got COMMAND_ACK: SET_MESSAGE_INTERVAL: ACCEPTED
Got COMMAND_ACK: SET_MESSAGE_INTERVAL: ACCEPTED
Got COMMAND_ACK: SET_MESSAGE_INTERVAL: ACCEPTED
Got COMMAND_ACK: SET_MESSAGE_INTERVAL: ACCEPTED
Got COMMAND_ACK: SET_MESSAGE_INTERVAL: ACCEPTED
Got COMMAND_ACK: SET_MESSAGE_INTERVAL: ACCEPTED
Got COMMAND_ACK: SET_MESSAGE_INTERVAL: ACCEPTED
Got COMMAND_ACK: SET_MESSAGE_INTERVAL: ACCEPTED
Got COMMAND_ACK: SET_MESSAGE_INTERVAL: ACCEPTED
Got COMMAND_ACK: SET_MESSAGE_INTERVAL: ACCEPTED
Got COMMAND_ACK: SET_MESSAGE_INTERVAL: ACCEPTED
Got COMMAND_ACK: SET_MESSAGE_INTERVAL: ACCEPTED
Got COMMAND_ACK: SET_MESSAGE_INTERVAL: ACCEPTED
Got COMMAND_ACK: SET_MESSAGE_INTERVAL: ACCEPTED
Got COMMAND_ACK: SET_MESSAGE_INTERVAL: ACCEPTED
Got COMMAND_ACK: SET_MESSAGE_INTERVAL: ACCEPTED
Got COMMAND_ACK: SET_MESSAGE_INTERVAL: ACCEPTED
Got COMMAND_ACK: SET_MESSAGE_INTERVAL: ACCEPTED
Got COMMAND_ACK: SET_MESSAGE_INTERVAL: ACCEPTED
Got COMMAND_ACK: SET_MESSAGE_INTERVAL: ACCEPTED
Got COMMAND_ACK: SET_MESSAGE_INTERVAL: ACCEPTED
Got COMMAND_ACK: SET_MESSAGE_INTERVAL: ACCEPTED
Got COMMAND_ACK: SET_MESSAGE_INTERVAL: ACCEPTED
Got COMMAND_ACK: SET_MESSAGE_INTERVAL: ACCEPTED
Got COMMAND_ACK: SET_MESSAGE_INTERVAL: ACCEPTED
Got COMMAND_ACK: SET_MESSAGE_INTERVAL: ACCEPTED
Got COMMAND_ACK: SET_MESSAGE_INTERVAL: ACCEPTED
Got COMMAND_ACK: SET_MESSAGE_INTERVAL: ACCEPTED
Got COMMAND_ACK: SET_MESSAGE_INTERVAL: ACCEPTED
Got COMMAND_ACK: SET_MESSAGE_INTERVAL: ACCEPTED
Got COMMAND_ACK: SET_MESSAGE_INTERVAL: ACCEPTED
Got COMMAND_ACK: SET_MESSAGE_INTERVAL: ACCEPTED
Got COMMAND_ACK: SET_MESSAGE_INTERVAL: ACCEPTED
Got COMMAND_ACK: SET_MESSAGE_INTERVAL: ACCEPTED
Got COMMAND_ACK: SET_MESSAGE_INTERVAL: ACCEPTED
Got COMMAND_ACK: SET_MESSAGE_INTERVAL: ACCEPTED
Got COMMAND_ACK: SET_MESSAGE_INTERVAL: ACCEPTED
Got COMMAND_ACK: SET_MESSAGE_INTERVAL: ACCEPTED
Got COMMAND_ACK: SET_MESSAGE_INTERVAL: ACCEPTED
Got COMMAND_ACK: SET_MESSAGE_INTERVAL: ACCEPTED
Got COMMAND_ACK: SET_MESSAGE_INTERVAL: ACCEPTED
AP: GPS 1: probing for u-blox at 230400 baud
AP: GPS 1: detected u-blox
Got COMMAND_ACK: SET_MESSAGE_INTERVAL: ACCEPTED
Got COMMAND_ACK: SET_MESSAGE_INTERVAL: ACCEPTED
Got COMMAND_ACK: SET_MESSAGE_INTERVAL: ACCEPTED
Got COMMAND_ACK: SET_MESSAGE_INTERVAL: ACCEPTED
Got COMMAND_ACK: SET_MESSAGE_INTERVAL: ACCEPTED
Got COMMAND_ACK: SET_MESSAGE_INTERVAL: ACCEPTED
Got COMMAND_ACK: SET_MESSAGE_INTERVAL: ACCEPTED
Got COMMAND_ACK: SET_MESSAGE_INTERVAL: ACCEPTED
Got COMMAND_ACK: SET_MESSAGE_INTERVAL: ACCEPTED
Got COMMAND_ACK: SET_MESSAGE_INTERVAL: ACCEPTED
Got COMMAND_ACK: SET_MESSAGE_INTERVAL: ACCEPTED
Got COMMAND_ACK: SET_MESSAGE_INTERVAL: ACCEPTED
Got COMMAND_ACK: SET_MESSAGE_INTERVAL: ACCEPTED
Got COMMAND_ACK: SET_MESSAGE_INTERVAL: ACCEPTED
Got COMMAND_ACK: SET_MESSAGE_INTERVAL: ACCEPTED
Got COMMAND_ACK: SET_MESSAGE_INTERVAL: ACCEPTED
Got COMMAND_ACK: SET_MESSAGE_INTERVAL: ACCEPTED
Got COMMAND_ACK: SET_MESSAGE_INTERVAL: ACCEPTED
Got COMMAND_ACK: SET_MESSAGE_INTERVAL: ACCEPTED
Got COMMAND_ACK: SET_MESSAGE_INTERVAL: ACCEPTED
Got COMMAND_ACK: SET_MESSAGE_INTERVAL: ACCEPTED
Got COMMAND_ACK: SET_MESSAGE_INTERVAL: ACCEPTED
Got COMMAND_ACK: SET_MESSAGE_INTERVAL: ACCEPTED
Got COMMAND_ACK: SET_MESSAGE_INTERVAL: ACCEPTED
Got COMMAND_ACK: SET_MESSAGE_INTERVAL: ACCEPTED
Got COMMAND_ACK: SET_MESSAGE_INTERVAL: ACCEPTED
Got COMMAND_ACK: SET_MESSAGE_INTERVAL: ACCEPTED
Got COMMAND_ACK: SET_MESSAGE_INTERVAL: ACCEPTED
Got COMMAND_ACK: SET_MESSAGE_INTERVAL: ACCEPTED
Got COMMAND_ACK: SET_MESSAGE_INTERVAL: ACCEPTED
Got COMMAND_ACK: SET_MESSAGE_INTERVAL: ACCEPTED
Got COMMAND_ACK: SET_MESSAGE_INTERVAL: ACCEPTED
Got COMMAND_ACK: SET_MESSAGE_INTERVAL: ACCEPTED
Got COMMAND_ACK: SET_MESSAGE_INTERVAL: ACCEPTED
Got COMMAND_ACK: SET_MESSAGE_INTERVAL: ACCEPTED
Got COMMAND_ACK: SET_MESSAGE_INTERVAL: ACCEPTED
Got COMMAND_ACK: SET_MESSAGE_INTERVAL: ACCEPTED
Got COMMAND_ACK: SET_MESSAGE_INTERVAL: ACCEPTED
Got COMMAND_ACK: SET_MESSAGE_INTERVAL: ACCEPTED
Got COMMAND_ACK: SET_MESSAGE_INTERVAL: ACCEPTED
Got COMMAND_ACK: SET_MESSAGE_INTERVAL: ACCEPTED
Got COMMAND_ACK: SET_MESSAGE_INTERVAL: ACCEPTED
Got COMMAND_ACK: SET_MESSAGE_INTERVAL: ACCEPTED
Got COMMAND_ACK: SET_MESSAGE_INTERVAL: ACCEPTED
Got COMMAND_ACK: SET_MESSAGE_INTERVAL: ACCEPTED
Got COMMAND_ACK: SET_MESSAGE_INTERVAL: ACCEPTED
Got COMMAND_ACK: SET_MESSAGE_INTERVAL: ACCEPTED
Got COMMAND_ACK: SET_MESSAGE_INTERVAL: ACCEPTED
Got COMMAND_ACK: SET_MESSAGE_INTERVAL: ACCEPTED
Got COMMAND_ACK: SET_MESSAGE_INTERVAL: ACCEPTED
Got COMMAND_ACK: SET_MESSAGE_INTERVAL: ACCEPTED
Got COMMAND_ACK: SET_MESSAGE_INTERVAL: ACCEPTED
Got COMMAND_ACK: SET_MESSAGE_INTERVAL: ACCEPTED
Got COMMAND_ACK: SET_MESSAGE_INTERVAL: ACCEPTED
Got COMMAND_ACK: SET_MESSAGE_INTERVAL: ACCEPTED
Got COMMAND_ACK: SET_MESSAGE_INTERVAL: ACCEPTED
Got COMMAND_ACK: SET_MESSAGE_INTERVAL: ACCEPTED
Got COMMAND_ACK: SET_MESSAGE_INTERVAL: ACCEPTED
Got COMMAND_ACK: SET_MESSAGE_INTERVAL: ACCEPTED
Got COMMAND_ACK: SET_MESSAGE_INTERVAL: ACCEPTED
Got COMMAND_ACK: SET_MESSAGE_INTERVAL: ACCEPTED
Got COMMAND_ACK: SET_MESSAGE_INTERVAL: ACCEPTED
Got COMMAND_ACK: SET_MESSAGE_INTERVAL: ACCEPTED
Got COMMAND_ACK: SET_MESSAGE_INTERVAL: ACCEPTED
Got COMMAND_ACK: SET_MESSAGE_INTERVAL: ACCEPTED
Got COMMAND_ACK: SET_MESSAGE_INTERVAL: ACCEPTED
Got COMMAND_ACK: SET_MESSAGE_INTERVAL: ACCEPTED
Got COMMAND_ACK: SET_MESSAGE_INTERVAL: ACCEPTED
Got COMMAND_ACK: SET_MESSAGE_INTERVAL: ACCEPTED
Got COMMAND_ACK: SET_MESSAGE_INTERVAL: ACCEPTED
Got COMMAND_ACK: SET_MESSAGE_INTERVAL: ACCEPTED
Got COMMAND_ACK: SET_MESSAGE_INTERVAL: ACCEPTED
Got COMMAND_ACK: SET_MESSAGE_INTERVAL: ACCEPTED
Got COMMAND_ACK: SET_MESSAGE_INTERVAL: ACCEPTED
Got COMMAND_ACK: SET_MESSAGE_INTERVAL: ACCEPTED
Got COMMAND_ACK: SET_MESSAGE_INTERVAL: ACCEPTED
Got COMMAND_ACK: SET_MESSAGE_INTERVAL: ACCEPTED
Got COMMAND_ACK: SET_MESSAGE_INTERVAL: ACCEPTED
Got COMMAND_ACK: SET_MESSAGE_INTERVAL: ACCEPTED
Got COMMAND_ACK: SET_MESSAGE_INTERVAL: ACCEPTED
Got COMMAND_ACK: SET_MESSAGE_INTERVAL: ACCEPTED
Got COMMAND_ACK: SET_MESSAGE_INTERVAL: ACCEPTED
Got COMMAND_ACK: SET_MESSAGE_INTERVAL: ACCEPTED
Got COMMAND_ACK: SET_MESSAGE_INTERVAL: ACCEPTED
Got COMMAND_ACK: SET_MESSAGE_INTERVAL: ACCEPTED
Got COMMAND_ACK: SET_MESSAGE_INTERVAL: ACCEPTED
Got COMMAND_ACK: SET_MESSAGE_INTERVAL: ACCEPTED
fence present
Got COMMAND_ACK: SET_MESSAGE_INTERVAL: ACCEPTED
Got COMMAND_ACK: SET_MESSAGE_INTERVAL: ACCEPTED
Got COMMAND_ACK: SET_MESSAGE_INTERVAL: ACCEPTED
Flight battery 100 percent
Got COMMAND_ACK: SET_MESSAGE_INTERVAL: ACCEPTED
Got COMMAND_ACK: SET_MESSAGE_INTERVAL: ACCEPTED
Got COMMAND_ACK: SET_MESSAGE_INTERVAL: ACCEPTED
Got COMMAND_ACK: SET_MESSAGE_INTERVAL: ACCEPTED
Got COMMAND_ACK: SET_MESSAGE_INTERVAL: ACCEPTED
Got COMMAND_ACK: SET_MESSAGE_INTERVAL: ACCEPTED
Got COMMAND_ACK: SET_MESSAGE_INTERVAL: ACCEPTED
Got COMMAND_ACK: SET_MESSAGE_INTERVAL: ACCEPTED
Got COMMAND_ACK: SET_MESSAGE_INTERVAL: ACCEPTED
Got COMMAND_ACK: SET_MESSAGE_INTERVAL: ACCEPTED
Got COMMAND_ACK: SET_MESSAGE_INTERVAL: ACCEPTED
Got COMMAND_ACK: SET_MESSAGE_INTERVAL: ACCEPTED
Got COMMAND_ACK: SET_MESSAGE_INTERVAL: ACCEPTED
Got COMMAND_ACK: SET_MESSAGE_INTERVAL: ACCEPTED
Got COMMAND_ACK: SET_MESSAGE_INTERVAL: ACCEPTED
Got COMMAND_ACK: SET_MESSAGE_INTERVAL: ACCEPTED
Got COMMAND_ACK: SET_MESSAGE_INTERVAL: ACCEPTED
Got COMMAND_ACK: SET_MESSAGE_INTERVAL: ACCEPTED
Got COMMAND_ACK: SET_MESSAGE_INTERVAL: ACCEPTED
Got COMMAND_ACK: SET_MESSAGE_INTERVAL: ACCEPTED
Got COMMAND_ACK: SET_MESSAGE_INTERVAL: ACCEPTED
Got COMMAND_ACK: SET_MESSAGE_INTERVAL: ACCEPTED
Got COMMAND_ACK: SET_MESSAGE_INTERVAL: ACCEPTED
Got COMMAND_ACK: SET_MESSAGE_INTERVAL: ACCEPTED
Got COMMAND_ACK: SET_MESSAGE_INTERVAL: ACCEPTED
Got COMMAND_ACK: SET_MESSAGE_INTERVAL: ACCEPTED
Got COMMAND_ACK: SET_MESSAGE_INTERVAL: ACCEPTED
Got COMMAND_ACK: SET_MESSAGE_INTERVAL: ACCEPTED
Got COMMAND_ACK: SET_MESSAGE_INTERVAL: ACCEPTED
Got COMMAND_ACK: SET_MESSAGE_INTERVAL: ACCEPTED
Got COMMAND_ACK: SET_MESSAGE_INTERVAL: ACCEPTED
Got COMMAND_ACK: SET_MESSAGE_INTERVAL: ACCEPTED
Got COMMAND_ACK: SET_MESSAGE_INTERVAL: ACCEPTED
Got COMMAND_ACK: SET_MESSAGE_INTERVAL: ACCEPTED
Got COMMAND_ACK: SET_MESSAGE_INTERVAL: ACCEPTED
Got COMMAND_ACK: SET_MESSAGE_INTERVAL: ACCEPTED
Got COMMAND_ACK: SET_MESSAGE_INTERVAL: ACCEPTED
Got COMMAND_ACK: SET_MESSAGE_INTERVAL: ACCEPTED
Got COMMAND_ACK: SET_MESSAGE_INTERVAL: ACCEPTED
Got COMMAND_ACK: SET_MESSAGE_INTERVAL: ACCEPTED
Got COMMAND_ACK: SET_MESSAGE_INTERVAL: ACCEPTED
Got COMMAND_ACK: SET_MESSAGE_INTERVAL: ACCEPTED
Got COMMAND_ACK: SET_MESSAGE_INTERVAL: ACCEPTED
Got COMMAND_ACK: SET_MESSAGE_INTERVAL: ACCEPTED
Got COMMAND_ACK: SET_MESSAGE_INTERVAL: ACCEPTED
Got COMMAND_ACK: SET_MESSAGE_INTERVAL: ACCEPTED
Got COMMAND_ACK: SET_MESSAGE_INTERVAL: ACCEPTED
Got COMMAND_ACK: SET_MESSAGE_INTERVAL: ACCEPTED
Got COMMAND_ACK: SET_MESSAGE_INTERVAL: ACCEPTED
Got COMMAND_ACK: SET_MESSAGE_INTERVAL: ACCEPTED
Got COMMAND_ACK: SET_MESSAGE_INTERVAL: ACCEPTED
Got COMMAND_ACK: SET_MESSAGE_INTERVAL: ACCEPTED
Got COMMAND_ACK: SET_MESSAGE_INTERVAL: ACCEPTED
Got COMMAND_ACK: SET_MESSAGE_INTERVAL: ACCEPTED
Got COMMAND_ACK: SET_MESSAGE_INTERVAL: ACCEPTED
Got COMMAND_ACK: SET_MESSAGE_INTERVAL: ACCEPTED
Got COMMAND_ACK: SET_MESSAGE_INTERVAL: ACCEPTED
Got COMMAND_ACK: SET_MESSAGE_INTERVAL: ACCEPTED
Got COMMAND_ACK: SET_MESSAGE_INTERVAL: ACCEPTED
Got COMMAND_ACK: SET_MESSAGE_INTERVAL: ACCEPTED
Got COMMAND_ACK: SET_MESSAGE_INTERVAL: ACCEPTED
Got COMMAND_ACK: SET_MESSAGE_INTERVAL: ACCEPTED
Got COMMAND_ACK: SET_MESSAGE_INTERVAL: ACCEPTED
Got COMMAND_ACK: SET_MESSAGE_INTERVAL: ACCEPTED
Got COMMAND_ACK: SET_MESSAGE_INTERVAL: ACCEPTED
Got COMMAND_ACK: SET_MESSAGE_INTERVAL: ACCEPTED
Got COMMAND_ACK: SET_MESSAGE_INTERVAL: ACCEPTED
Got COMMAND_ACK: SET_MESSAGE_INTERVAL: ACCEPTED
Got COMMAND_ACK: SET_MESSAGE_INTERVAL: ACCEPTED
Got COMMAND_ACK: SET_MESSAGE_INTERVAL: ACCEPTED
AP: EKF3 IMU1 origin set
AP: Field Elevation Set: 584m
Got COMMAND_ACK: SET_MESSAGE_INTERVAL: ACCEPTED
Got COMMAND_ACK: SET_MESSAGE_INTERVAL: ACCEPTED
AP: EKF3 IMU0 origin set
Got COMMAND_ACK: SET_MESSAGE_INTERVAL: ACCEPTED
Got COMMAND_ACK: SET_MESSAGE_INTERVAL: ACCEPTED
Got COMMAND_ACK: SET_MESSAGE_INTERVAL: ACCEPTED
Got COMMAND_ACK: SET_MESSAGE_INTERVAL: ACCEPTED
Got COMMAND_ACK: SET_MESSAGE_INTERVAL: ACCEPTED
Got COMMAND_ACK: SET_MESSAGE_INTERVAL: ACCEPTED
Got COMMAND_ACK: SET_MESSAGE_INTERVAL: ACCEPTED
Got COMMAND_ACK: SET_MESSAGE_INTERVAL: ACCEPTED
Got COMMAND_ACK: SET_MESSAGE_INTERVAL: ACCEPTED
Got COMMAND_ACK: SET_MESSAGE_INTERVAL: ACCEPTED
Got COMMAND_ACK: SET_MESSAGE_INTERVAL: ACCEPTED
Got COMMAND_ACK: SET_MESSAGE_INTERVAL: ACCEPTED
Got COMMAND_ACK: SET_MESSAGE_INTERVAL: ACCEPTED
Got COMMAND_ACK: SET_MESSAGE_INTERVAL: ACCEPTED
Got COMMAND_ACK: SET_MESSAGE_INTERVAL: ACCEPTED
Got COMMAND_ACK: SET_MESSAGE_INTERVAL: ACCEPTED
Got COMMAND_ACK: SET_MESSAGE_INTERVAL: ACCEPTED
Got COMMAND_ACK: SET_MESSAGE_INTERVAL: ACCEPTED
Got COMMAND_ACK: SET_MESSAGE_INTERVAL: ACCEPTED
Got COMMAND_ACK: SET_MESSAGE_INTERVAL: ACCEPTED
Got COMMAND_ACK: SET_MESSAGE_INTERVAL: ACCEPTED
Got COMMAND_ACK: SET_MESSAGE_INTERVAL: ACCEPTED
Got COMMAND_ACK: SET_MESSAGE_INTERVAL: ACCEPTED
Got COMMAND_ACK: SET_MESSAGE_INTERVAL: ACCEPTED
Got COMMAND_ACK: SET_MESSAGE_INTERVAL: ACCEPTED
Got COMMAND_ACK: SET_MESSAGE_INTERVAL: ACCEPTED
Got COMMAND_ACK: SET_MESSAGE_INTERVAL: ACCEPTED
Got COMMAND_ACK: SET_MESSAGE_INTERVAL: ACCEPTED
Got COMMAND_ACK: SET_MESSAGE_INTERVAL: ACCEPTED
Got COMMAND_ACK: SET_MESSAGE_INTERVAL: ACCEPTED
Got COMMAND_ACK: SET_MESSAGE_INTERVAL: ACCEPTED
Got COMMAND_ACK: SET_MESSAGE_INTERVAL: ACCEPTED
Got COMMAND_ACK: SET_MESSAGE_INTERVAL: ACCEPTED
Got COMMAND_ACK: SET_MESSAGE_INTERVAL: ACCEPTED
Got COMMAND_ACK: SET_MESSAGE_INTERVAL: ACCEPTED
Got COMMAND_ACK: SET_MESSAGE_INTERVAL: ACCEPTED
Got COMMAND_ACK: SET_MESSAGE_INTERVAL: ACCEPTED
Got COMMAND_ACK: SET_MESSAGE_INTERVAL: ACCEPTED
Got COMMAND_ACK: SET_MESSAGE_INTERVAL: ACCEPTED
Got COMMAND_ACK: SET_MESSAGE_INTERVAL: ACCEPTED
Got COMMAND_ACK: SET_MESSAGE_INTERVAL: ACCEPTED
Got COMMAND_ACK: SET_MESSAGE_INTERVAL: ACCEPTED
Got COMMAND_ACK: SET_MESSAGE_INTERVAL: ACCEPTED
Got COMMAND_ACK: SET_MESSAGE_INTERVAL: ACCEPTED
Got COMMAND_ACK: SET_MESSAGE_INTERVAL: ACCEPTED
Got COMMAND_ACK: SET_MESSAGE_INTERVAL: ACCEPTED
Got COMMAND_ACK: SET_MESSAGE_INTERVAL: ACCEPTED
Got COMMAND_ACK: SET_MESSAGE_INTERVAL: ACCEPTED
Got COMMAND_ACK: SET_MESSAGE_INTERVAL: ACCEPTED
Got COMMAND_ACK: SET_MESSAGE_INTERVAL: ACCEPTED
Got COMMAND_ACK: SET_MESSAGE_INTERVAL: ACCEPTED
Got COMMAND_ACK: SET_MESSAGE_INTERVAL: ACCEPTED
Got COMMAND_ACK: SET_MESSAGE_INTERVAL: ACCEPTED
Got COMMAND_ACK: SET_MESSAGE_INTERVAL: ACCEPTED
Got COMMAND_ACK: SET_MESSAGE_INTERVAL: ACCEPTED
Got COMMAND_ACK: SET_MESSAGE_INTERVAL: ACCEPTED
Got COMMAND_ACK: SET_MESSAGE_INTERVAL: ACCEPTED
Got COMMAND_ACK: SET_MESSAGE_INTERVAL: ACCEPTED
Got COMMAND_ACK: SET_MESSAGE_INTERVAL: ACCEPTED
Got COMMAND_ACK: SET_MESSAGE_INTERVAL: ACCEPTED
Got COMMAND_ACK: SET_MESSAGE_INTERVAL: ACCEPTED
Got COMMAND_ACK: SET_MESSAGE_INTERVAL: ACCEPTED
Got COMMAND_ACK: SET_MESSAGE_INTERVAL: ACCEPTED
Got COMMAND_ACK: SET_MESSAGE_INTERVAL: ACCEPTED
Got COMMAND_ACK: SET_MESSAGE_INTERVAL: ACCEPTED
Got COMMAND_ACK: SET_MESSAGE_INTERVAL: ACCEPTED
Got COMMAND_ACK: SET_MESSAGE_INTERVAL: ACCEPTED
Got COMMAND_ACK: SET_MESSAGE_INTERVAL: ACCEPTED
Got COMMAND_ACK: SET_MESSAGE_INTERVAL: ACCEPTED
Got COMMAND_ACK: SET_MESSAGE_INTERVAL: ACCEPTED
Got COMMAND_ACK: SET_MESSAGE_INTERVAL: ACCEPTED
Got COMMAND_ACK: SET_MESSAGE_INTERVAL: ACCEPTED
Got COMMAND_ACK: SET_MESSAGE_INTERVAL: ACCEPTED
Got COMMAND_ACK: SET_MESSAGE_INTERVAL: ACCEPTED
Got COMMAND_ACK: SET_MESSAGE_INTERVAL: ACCEPTED
Got COMMAND_ACK: SET_MESSAGE_INTERVAL: ACCEPTED
Got COMMAND_ACK: SET_MESSAGE_INTERVAL: ACCEPTED
Got COMMAND_ACK: SET_MESSAGE_INTERVAL: ACCEPTED
Got COMMAND_ACK: SET_MESSAGE_INTERVAL: ACCEPTED
Got COMMAND_ACK: SET_MESSAGE_INTERVAL: ACCEPTED
Got COMMAND_ACK: SET_MESSAGE_INTERVAL: ACCEPTED
Got COMMAND_ACK: SET_MESSAGE_INTERVAL: ACCEPTED
Got COMMAND_ACK: SET_MESSAGE_INTERVAL: ACCEPTED
Got COMMAND_ACK: SET_MESSAGE_INTERVAL: ACCEPTED
Got COMMAND_ACK: SET_MESSAGE_INTERVAL: ACCEPTED
Got COMMAND_ACK: SET_MESSAGE_INTERVAL: ACCEPTED
Got COMMAND_ACK: SET_MESSAGE_INTERVAL: ACCEPTED
Got COMMAND_ACK: SET_MESSAGE_INTERVAL: ACCEPTED
Got COMMAND_ACK: SET_MESSAGE_INTERVAL: ACCEPTED
Got COMMAND_ACK: SET_MESSAGE_INTERVAL: ACCEPTED
Got COMMAND_ACK: SET_MESSAGE_INTERVAL: ACCEPTED
Got COMMAND_ACK: SET_MESSAGE_INTERVAL: ACCEPTED
Got COMMAND_ACK: SET_MESSAGE_INTERVAL: ACCEPTED
Got COMMAND_ACK: SET_MESSAGE_INTERVAL: ACCEPTED
Got COMMAND_ACK: SET_MESSAGE_INTERVAL: ACCEPTED
Got COMMAND_ACK: SET_MESSAGE_INTERVAL: ACCEPTED
Got COMMAND_ACK: SET_MESSAGE_INTERVAL: ACCEPTED
Got COMMAND_ACK: SET_MESSAGE_INTERVAL: ACCEPTED
Got COMMAND_ACK: SET_MESSAGE_INTERVAL: ACCEPTED
Got COMMAND_ACK: SET_MESSAGE_INTERVAL: ACCEPTED
Got COMMAND_ACK: SET_MESSAGE_INTERVAL: ACCEPTED
Got COMMAND_ACK: SET_MESSAGE_INTERVAL: ACCEPTED
Got COMMAND_ACK: SET_MESSAGE_INTERVAL: ACCEPTED
Got COMMAND_ACK: SET_MESSAGE_INTERVAL: ACCEPTED
Got COMMAND_ACK: SET_MESSAGE_INTERVAL: ACCEPTED
Got COMMAND_ACK: SET_MESSAGE_INTERVAL: ACCEPTED
Got COMMAND_ACK: SET_MESSAGE_INTERVAL: ACCEPTED
Got COMMAND_ACK: SET_MESSAGE_INTERVAL: ACCEPTED
Got COMMAND_ACK: SET_MESSAGE_INTERVAL: ACCEPTED
Got COMMAND_ACK: SET_MESSAGE_INTERVAL: ACCEPTED
Got COMMAND_ACK: SET_MESSAGE_INTERVAL: ACCEPTED
Got COMMAND_ACK: SET_MESSAGE_INTERVAL: ACCEPTED
Got COMMAND_ACK: SET_MESSAGE_INTERVAL: ACCEPTED
Got COMMAND_ACK: SET_MESSAGE_INTERVAL: ACCEPTED
Got COMMAND_ACK: SET_MESSAGE_INTERVAL: ACCEPTED
Got COMMAND_ACK: SET_MESSAGE_INTERVAL: ACCEPTED
Got COMMAND_ACK: SET_MESSAGE_INTERVAL: ACCEPTED
Got COMMAND_ACK: SET_MESSAGE_INTERVAL: ACCEPTED
Got COMMAND_ACK: SET_MESSAGE_INTERVAL: ACCEPTED
Got COMMAND_ACK: SET_MESSAGE_INTERVAL: ACCEPTED
Got COMMAND_ACK: SET_MESSAGE_INTERVAL: ACCEPTED
Got COMMAND_ACK: SET_MESSAGE_INTERVAL: ACCEPTED
Got COMMAND_ACK: SET_MESSAGE_INTERVAL: ACCEPTED
Got COMMAND_ACK: SET_MESSAGE_INTERVAL: ACCEPTED
Got COMMAND_ACK: SET_MESSAGE_INTERVAL: ACCEPTED
Got COMMAND_ACK: SET_MESSAGE_INTERVAL: ACCEPTED
Got COMMAND_ACK: SET_MESSAGE_INTERVAL: ACCEPTED
Got COMMAND_ACK: SET_MESSAGE_INTERVAL: ACCEPTED
Got COMMAND_ACK: SET_MESSAGE_INTERVAL: ACCEPTED
Got COMMAND_ACK: SET_MESSAGE_INTERVAL: ACCEPTED
Got COMMAND_ACK: SET_MESSAGE_INTERVAL: ACCEPTED
Got COMMAND_ACK: SET_MESSAGE_INTERVAL: ACCEPTED
Got COMMAND_ACK: SET_MESSAGE_INTERVAL: ACCEPTED
Got COMMAND_ACK: SET_MESSAGE_INTERVAL: ACCEPTED
Got COMMAND_ACK: SET_MESSAGE_INTERVAL: ACCEPTED
Got COMMAND_ACK: SET_MESSAGE_INTERVAL: ACCEPTED
Got COMMAND_ACK: SET_MESSAGE_INTERVAL: ACCEPTED
Got COMMAND_ACK: SET_MESSAGE_INTERVAL: ACCEPTED
Got COMMAND_ACK: SET_MESSAGE_INTERVAL: ACCEPTED
Got COMMAND_ACK: SET_MESSAGE_INTERVAL: ACCEPTED
Got COMMAND_ACK: SET_MESSAGE_INTERVAL: ACCEPTED
Got COMMAND_ACK: SET_MESSAGE_INTERVAL: ACCEPTED
Got COMMAND_ACK: SET_MESSAGE_INTERVAL: ACCEPTED
Got COMMAND_ACK: SET_MESSAGE_INTERVAL: ACCEPTED
Got COMMAND_ACK: SET_MESSAGE_INTERVAL: ACCEPTED
Got COMMAND_ACK: SET_MESSAGE_INTERVAL: ACCEPTED
Got COMMAND_ACK: SET_MESSAGE_INTERVAL: ACCEPTED
Got COMMAND_ACK: SET_MESSAGE_INTERVAL: ACCEPTED
Got COMMAND_ACK: SET_MESSAGE_INTERVAL: ACCEPTED
Got COMMAND_ACK: SET_MESSAGE_INTERVAL: ACCEPTED
Got COMMAND_ACK: SET_MESSAGE_INTERVAL: ACCEPTED
Got COMMAND_ACK: SET_MESSAGE_INTERVAL: ACCEPTED
Got COMMAND_ACK: SET_MESSAGE_INTERVAL: ACCEPTED
Got COMMAND_ACK: SET_MESSAGE_INTERVAL: ACCEPTED
Got COMMAND_ACK: SET_MESSAGE_INTERVAL: ACCEPTED
Got COMMAND_ACK: SET_MESSAGE_INTERVAL: ACCEPTED
Got COMMAND_ACK: SET_MESSAGE_INTERVAL: ACCEPTED
Got COMMAND_ACK: SET_MESSAGE_INTERVAL: ACCEPTED
Got COMMAND_ACK: SET_MESSAGE_INTERVAL: ACCEPTED
Got COMMAND_ACK: SET_MESSAGE_INTERVAL: ACCEPTED
Got COMMAND_ACK: SET_MESSAGE_INTERVAL: ACCEPTED
Got COMMAND_ACK: SET_MESSAGE_INTERVAL: ACCEPTED
Got COMMAND_ACK: SET_MESSAGE_INTERVAL: ACCEPTED
Got COMMAND_ACK: SET_MESSAGE_INTERVAL: ACCEPTED
Got COMMAND_ACK: SET_MESSAGE_INTERVAL: ACCEPTED
Got COMMAND_ACK: SET_MESSAGE_INTERVAL: ACCEPTED
Got COMMAND_ACK: SET_MESSAGE_INTERVAL: ACCEPTED
Got COMMAND_ACK: SET_MESSAGE_INTERVAL: ACCEPTED
Got COMMAND_ACK: SET_MESSAGE_INTERVAL: ACCEPTED
Got COMMAND_ACK: SET_MESSAGE_INTERVAL: ACCEPTED
Got COMMAND_ACK: SET_MESSAGE_INTERVAL: ACCEPTED
Got COMMAND_ACK: SET_MESSAGE_INTERVAL: ACCEPTED
Got COMMAND_ACK: SET_MESSAGE_INTERVAL: ACCEPTED
Got COMMAND_ACK: SET_MESSAGE_INTERVAL: ACCEPTED
Got COMMAND_ACK: SET_MESSAGE_INTERVAL: ACCEPTED
Got COMMAND_ACK: SET_MESSAGE_INTERVAL: ACCEPTED
Got COMMAND_ACK: SET_MESSAGE_INTERVAL: ACCEPTED
Got COMMAND_ACK: SET_MESSAGE_INTERVAL: ACCEPTED
Got COMMAND_ACK: SET_MESSAGE_INTERVAL: ACCEPTED
Got COMMAND_ACK: SET_MESSAGE_INTERVAL: ACCEPTED
Got COMMAND_ACK: SET_MESSAGE_INTERVAL: ACCEPTED
Got COMMAND_ACK: SET_MESSAGE_INTERVAL: ACCEPTED
Got COMMAND_ACK: SET_MESSAGE_INTERVAL: ACCEPTED
Got COMMAND_ACK: SET_MESSAGE_INTERVAL: ACCEPTED
Got COMMAND_ACK: SET_MESSAGE_INTERVAL: ACCEPTED
Got COMMAND_ACK: SET_MESSAGE_INTERVAL: ACCEPTED
Got COMMAND_ACK: SET_MESSAGE_INTERVAL: ACCEPTED
Got COMMAND_ACK: SET_MESSAGE_INTERVAL: ACCEPTED
Got COMMAND_ACK: SET_MESSAGE_INTERVAL: ACCEPTED
Got COMMAND_ACK: SET_MESSAGE_INTERVAL: ACCEPTED
Got COMMAND_ACK: SET_MESSAGE_INTERVAL: ACCEPTED
Got COMMAND_ACK: SET_MESSAGE_INTERVAL: ACCEPTED
Got COMMAND_ACK: SET_MESSAGE_INTERVAL: ACCEPTED
Got COMMAND_ACK: SET_MESSAGE_INTERVAL: ACCEPTED
Got COMMAND_ACK: SET_MESSAGE_INTERVAL: ACCEPTED
Got COMMAND_ACK: SET_MESSAGE_INTERVAL: ACCEPTED
Got COMMAND_ACK: SET_MESSAGE_INTERVAL: ACCEPTED
Got COMMAND_ACK: SET_MESSAGE_INTERVAL: ACCEPTED
Got COMMAND_ACK: SET_MESSAGE_INTERVAL: ACCEPTED
Got COMMAND_ACK: SET_MESSAGE_INTERVAL: ACCEPTED
Got COMMAND_ACK: SET_MESSAGE_INTERVAL: ACCEPTED
Got COMMAND_ACK: SET_MESSAGE_INTERVAL: ACCEPTED
Got COMMAND_ACK: SET_MESSAGE_INTERVAL: ACCEPTED
Got COMMAND_ACK: SET_MESSAGE_INTERVAL: ACCEPTED
Got COMMAND_ACK: SET_MESSAGE_INTERVAL: ACCEPTED
Got COMMAND_ACK: SET_MESSAGE_INTERVAL: ACCEPTED
Got COMMAND_ACK: SET_MESSAGE_INTERVAL: ACCEPTED
Got COMMAND_ACK: SET_MESSAGE_INTERVAL: ACCEPTED
Got COMMAND_ACK: SET_MESSAGE_INTERVAL: ACCEPTED
Got COMMAND_ACK: SET_MESSAGE_INTERVAL: ACCEPTED
Got COMMAND_ACK: SET_MESSAGE_INTERVAL: ACCEPTED
Got COMMAND_ACK: SET_MESSAGE_INTERVAL: ACCEPTED
Got COMMAND_ACK: SET_MESSAGE_INTERVAL: ACCEPTED
Got COMMAND_ACK: SET_MESSAGE_INTERVAL: ACCEPTED
Got COMMAND_ACK: SET_MESSAGE_INTERVAL: ACCEPTED
Got COMMAND_ACK: SET_MESSAGE_INTERVAL: ACCEPTED
Got COMMAND_ACK: SET_MESSAGE_INTERVAL: ACCEPTED
Got COMMAND_ACK: SET_MESSAGE_INTERVAL: ACCEPTED
Got COMMAND_ACK: SET_MESSAGE_INTERVAL: ACCEPTED
Got COMMAND_ACK: SET_MESSAGE_INTERVAL: ACCEPTED
Got COMMAND_ACK: SET_MESSAGE_INTERVAL: ACCEPTED
Got COMMAND_ACK: SET_MESSAGE_INTERVAL: ACCEPTED
Got COMMAND_ACK: SET_MESSAGE_INTERVAL: ACCEPTED
Got COMMAND_ACK: SET_MESSAGE_INTERVAL: ACCEPTED
Got COMMAND_ACK: SET_MESSAGE_INTERVAL: ACCEPTED
Got COMMAND_ACK: SET_MESSAGE_INTERVAL: ACCEPTED
Got COMMAND_ACK: SET_MESSAGE_INTERVAL: ACCEPTED
Got COMMAND_ACK: SET_MESSAGE_INTERVAL: ACCEPTED
Got COMMAND_ACK: SET_MESSAGE_INTERVAL: ACCEPTED
Got COMMAND_ACK: SET_MESSAGE_INTERVAL: ACCEPTED
Got COMMAND_ACK: SET_MESSAGE_INTERVAL: ACCEPTED
Got COMMAND_ACK: SET_MESSAGE_INTERVAL: ACCEPTED
Got COMMAND_ACK: SET_MESSAGE_INTERVAL: ACCEPTED
Got COMMAND_ACK: SET_MESSAGE_INTERVAL: ACCEPTED
Got COMMAND_ACK: SET_MESSAGE_INTERVAL: ACCEPTED
Got COMMAND_ACK: SET_MESSAGE_INTERVAL: ACCEPTED
Got COMMAND_ACK: SET_MESSAGE_INTERVAL: ACCEPTED
Got COMMAND_ACK: SET_MESSAGE_INTERVAL: ACCEPTED
Got COMMAND_ACK: SET_MESSAGE_INTERVAL: ACCEPTED
Got COMMAND_ACK: SET_MESSAGE_INTERVAL: ACCEPTED
Got COMMAND_ACK: SET_MESSAGE_INTERVAL: ACCEPTED
Got COMMAND_ACK: SET_MESSAGE_INTERVAL: ACCEPTED
Got COMMAND_ACK: SET_MESSAGE_INTERVAL: ACCEPTED
Got COMMAND_ACK: SET_MESSAGE_INTERVAL: ACCEPTED
Got COMMAND_ACK: SET_MESSAGE_INTERVAL: ACCEPTED
Got COMMAND_ACK: SET_MESSAGE_INTERVAL: ACCEPTED
Got COMMAND_ACK: SET_MESSAGE_INTERVAL: ACCEPTED
Got COMMAND_ACK: SET_MESSAGE_INTERVAL: ACCEPTED
Got COMMAND_ACK: SET_MESSAGE_INTERVAL: ACCEPTED
Got COMMAND_ACK: SET_MESSAGE_INTERVAL: ACCEPTED
Got COMMAND_ACK: SET_MESSAGE_INTERVAL: ACCEPTED
Got COMMAND_ACK: SET_MESSAGE_INTERVAL: ACCEPTED
Got COMMAND_ACK: SET_MESSAGE_INTERVAL: ACCEPTED
Got COMMAND_ACK: SET_MESSAGE_INTERVAL: ACCEPTED
Got COMMAND_ACK: SET_MESSAGE_INTERVAL: ACCEPTED
Got COMMAND_ACK: SET_MESSAGE_INTERVAL: ACCEPTED
Got COMMAND_ACK: SET_MESSAGE_INTERVAL: ACCEPTED
Got COMMAND_ACK: SET_MESSAGE_INTERVAL: ACCEPTED
Got COMMAND_ACK: SET_MESSAGE_INTERVAL: ACCEPTED
Got COMMAND_ACK: SET_MESSAGE_INTERVAL: ACCEPTED
Got COMMAND_ACK: SET_MESSAGE_INTERVAL: ACCEPTED
Got COMMAND_ACK: SET_MESSAGE_INTERVAL: ACCEPTED
Got COMMAND_ACK: SET_MESSAGE_INTERVAL: ACCEPTED
Got COMMAND_ACK: SET_MESSAGE_INTERVAL: ACCEPTED
Got COMMAND_ACK: SET_MESSAGE_INTERVAL: ACCEPTED
Got COMMAND_ACK: SET_MESSAGE_INTERVAL: ACCEPTED
Got COMMAND_ACK: SET_MESSAGE_INTERVAL: ACCEPTED
Got COMMAND_ACK: SET_MESSAGE_INTERVAL: ACCEPTED
Got COMMAND_ACK: SET_MESSAGE_INTERVAL: ACCEPTED
Got COMMAND_ACK: SET_MESSAGE_INTERVAL: ACCEPTED
Got COMMAND_ACK: SET_MESSAGE_INTERVAL: ACCEPTED
Got COMMAND_ACK: SET_MESSAGE_INTERVAL: ACCEPTED
Got COMMAND_ACK: SET_MESSAGE_INTERVAL: ACCEPTED
Got COMMAND_ACK: SET_MESSAGE_INTERVAL: ACCEPTED
Got COMMAND_ACK: SET_MESSAGE_INTERVAL: ACCEPTED
Got COMMAND_ACK: SET_MESSAGE_INTERVAL: ACCEPTED
Got COMMAND_ACK: SET_MESSAGE_INTERVAL: ACCEPTED
Got COMMAND_ACK: SET_MESSAGE_INTERVAL: ACCEPTED
Got COMMAND_ACK: SET_MESSAGE_INTERVAL: ACCEPTED
Got COMMAND_ACK: SET_MESSAGE_INTERVAL: ACCEPTED
Got COMMAND_ACK: SET_MESSAGE_INTERVAL: ACCEPTED
Got COMMAND_ACK: SET_MESSAGE_INTERVAL: ACCEPTED
Got COMMAND_ACK: SET_MESSAGE_INTERVAL: ACCEPTED
Got COMMAND_ACK: SET_MESSAGE_INTERVAL: ACCEPTED
Got COMMAND_ACK: SET_MESSAGE_INTERVAL: ACCEPTED
Got COMMAND_ACK: SET_MESSAGE_INTERVAL: ACCEPTED
Got COMMAND_ACK: SET_MESSAGE_INTERVAL: ACCEPTED
Got COMMAND_ACK: SET_MESSAGE_INTERVAL: ACCEPTED
Got COMMAND_ACK: SET_MESSAGE_INTERVAL: ACCEPTED
Got COMMAND_ACK: SET_MESSAGE_INTERVAL: ACCEPTED
Got COMMAND_ACK: SET_MESSAGE_INTERVAL: ACCEPTED
Got COMMAND_ACK: SET_MESSAGE_INTERVAL: ACCEPTED
Got COMMAND_ACK: SET_MESSAGE_INTERVAL: ACCEPTED
Got COMMAND_ACK: SET_MESSAGE_INTERVAL: ACCEPTED
Got COMMAND_ACK: SET_MESSAGE_INTERVAL: ACCEPTED
Got COMMAND_ACK: SET_MESSAGE_INTERVAL: ACCEPTED
Got COMMAND_ACK: SET_MESSAGE_INTERVAL: ACCEPTED
Got COMMAND_ACK: SET_MESSAGE_INTERVAL: ACCEPTED
Got COMMAND_ACK: SET_MESSAGE_INTERVAL: ACCEPTED
Got COMMAND_ACK: SET_MESSAGE_INTERVAL: ACCEPTED
Got COMMAND_ACK: SET_MESSAGE_INTERVAL: ACCEPTED
Got COMMAND_ACK: SET_MESSAGE_INTERVAL: ACCEPTED
Got COMMAND_ACK: SET_MESSAGE_INTERVAL: ACCEPTED
Got COMMAND_ACK: SET_MESSAGE_INTERVAL: ACCEPTED
Got COMMAND_ACK: SET_MESSAGE_INTERVAL: ACCEPTED
Got COMMAND_ACK: SET_MESSAGE_INTERVAL: ACCEPTED
Got COMMAND_ACK: SET_MESSAGE_INTERVAL: ACCEPTED
Got COMMAND_ACK: SET_MESSAGE_INTERVAL: ACCEPTED
Got COMMAND_ACK: SET_MESSAGE_INTERVAL: ACCEPTED
Got COMMAND_ACK: SET_MESSAGE_INTERVAL: ACCEPTED
Got COMMAND_ACK: SET_MESSAGE_INTERVAL: ACCEPTED
Got COMMAND_ACK: SET_MESSAGE_INTERVAL: ACCEPTED
Got COMMAND_ACK: SET_MESSAGE_INTERVAL: ACCEPTED
Got COMMAND_ACK: SET_MESSAGE_INTERVAL: ACCEPTED
Got COMMAND_ACK: SET_MESSAGE_INTERVAL: ACCEPTED
Got COMMAND_ACK: SET_MESSAGE_INTERVAL: ACCEPTED
Got COMMAND_ACK: SET_MESSAGE_INTERVAL: ACCEPTED
Got COMMAND_ACK: SET_MESSAGE_INTERVAL: ACCEPTED
Got COMMAND_ACK: SET_MESSAGE_INTERVAL: ACCEPTED
Got COMMAND_ACK: SET_MESSAGE_INTERVAL: ACCEPTED
Got COMMAND_ACK: SET_MESSAGE_INTERVAL: ACCEPTED
Got COMMAND_ACK: SET_MESSAGE_INTERVAL: ACCEPTED
Got COMMAND_ACK: SET_MESSAGE_INTERVAL: ACCEPTED
Got COMMAND_ACK: SET_MESSAGE_INTERVAL: ACCEPTED
Got COMMAND_ACK: SET_MESSAGE_INTERVAL: ACCEPTED
Got COMMAND_ACK: SET_MESSAGE_INTERVAL: ACCEPTED
Got COMMAND_ACK: SET_MESSAGE_INTERVAL: ACCEPTED
Got COMMAND_ACK: SET_MESSAGE_INTERVAL: ACCEPTED
Got COMMAND_ACK: SET_MESSAGE_INTERVAL: ACCEPTED
Got COMMAND_ACK: SET_MESSAGE_INTERVAL: ACCEPTED
Got COMMAND_ACK: SET_MESSAGE_INTERVAL: ACCEPTED
Got COMMAND_ACK: SET_MESSAGE_INTERVAL: ACCEPTED
Got COMMAND_ACK: SET_MESSAGE_INTERVAL: ACCEPTED
Got COMMAND_ACK: SET_MESSAGE_INTERVAL: ACCEPTED
Got COMMAND_ACK: SET_MESSAGE_INTERVAL: ACCEPTED
Got COMMAND_ACK: SET_MESSAGE_INTERVAL: ACCEPTED
Got COMMAND_ACK: SET_MESSAGE_INTERVAL: ACCEPTED
Got COMMAND_ACK: SET_MESSAGE_INTERVAL: ACCEPTED
Got COMMAND_ACK: SET_MESSAGE_INTERVAL: ACCEPTED
Got COMMAND_ACK: SET_MESSAGE_INTERVAL: ACCEPTED
Got COMMAND_ACK: SET_MESSAGE_INTERVAL: ACCEPTED
Got COMMAND_ACK: SET_MESSAGE_INTERVAL: ACCEPTED
Got COMMAND_ACK: SET_MESSAGE_INTERVAL: ACCEPTED
Got COMMAND_ACK: SET_MESSAGE_INTERVAL: ACCEPTED
Got COMMAND_ACK: SET_MESSAGE_INTERVAL: ACCEPTED
AP: EKF3 IMU0 is using GPS
AP: EKF3 IMU1 is using GPS
Got COMMAND_ACK: SET_MESSAGE_INTERVAL: ACCEPTED
Got COMMAND_ACK: SET_MESSAGE_INTERVAL: ACCEPTED
Got COMMAND_ACK: SET_MESSAGE_INTERVAL: ACCEPTED
Got COMMAND_ACK: SET_MESSAGE_INTERVAL: ACCEPTED
Got COMMAND_ACK: SET_MESSAGE_INTERVAL: ACCEPTED
Got COMMAND_ACK: SET_MESSAGE_INTERVAL: ACCEPTED
Got COMMAND_ACK: SET_MESSAGE_INTERVAL: ACCEPTED
Got COMMAND_ACK: SET_MESSAGE_INTERVAL: ACCEPTED
Got COMMAND_ACK: SET_MESSAGE_INTERVAL: ACCEPTED
Got COMMAND_ACK: SET_MESSAGE_INTERVAL: ACCEPTED
Got COMMAND_ACK: SET_MESSAGE_INTERVAL: ACCEPTED
Got COMMAND_ACK: SET_MESSAGE_INTERVAL: ACCEPTED
Got COMMAND_ACK: SET_MESSAGE_INTERVAL: ACCEPTED
Got COMMAND_ACK: SET_MESSAGE_INTERVAL: ACCEPTED
Got COMMAND_ACK: SET_MESSAGE_INTERVAL: ACCEPTED
Got COMMAND_ACK: SET_MESSAGE_INTERVAL: ACCEPTED
Got COMMAND_ACK: SET_MESSAGE_INTERVAL: ACCEPTED
Got COMMAND_ACK: SET_MESSAGE_INTERVAL: ACCEPTED
Got COMMAND_ACK: SET_MESSAGE_INTERVAL: ACCEPTED
Got COMMAND_ACK: SET_MESSAGE_INTERVAL: ACCEPTED
Got COMMAND_ACK: SET_MESSAGE_INTERVAL: ACCEPTED
Got COMMAND_ACK: SET_MESSAGE_INTERVAL: ACCEPTED
Got COMMAND_ACK: SET_MESSAGE_INTERVAL: ACCEPTED
Got COMMAND_ACK: SET_MESSAGE_INTERVAL: ACCEPTED
Got COMMAND_ACK: SET_MESSAGE_INTERVAL: ACCEPTED
Got COMMAND_ACK: SET_MESSAGE_INTERVAL: ACCEPTED
Got COMMAND_ACK: SET_MESSAGE_INTERVAL: ACCEPTED
Got COMMAND_ACK: SET_MESSAGE_INTERVAL: ACCEPTED
Got COMMAND_ACK: SET_MESSAGE_INTERVAL: ACCEPTED
Got COMMAND_ACK: SET_MESSAGE_INTERVAL: ACCEPTED
Got COMMAND_ACK: SET_MESSAGE_INTERVAL: ACCEPTED
Got COMMAND_ACK: SET_MESSAGE_INTERVAL: ACCEPTED
Got COMMAND_ACK: SET_MESSAGE_INTERVAL: ACCEPTED
Got COMMAND_ACK: SET_MESSAGE_INTERVAL: ACCEPTED
Got COMMAND_ACK: SET_MESSAGE_INTERVAL: ACCEPTED
Got COMMAND_ACK: SET_MESSAGE_INTERVAL: ACCEPTED
Got COMMAND_ACK: SET_MESSAGE_INTERVAL: ACCEPTED
Got COMMAND_ACK: SET_MESSAGE_INTERVAL: ACCEPTED
Got COMMAND_ACK: SET_MESSAGE_INTERVAL: ACCEPTED
Got COMMAND_ACK: SET_MESSAGE_INTERVAL: ACCEPTED
Got COMMAND_ACK: SET_MESSAGE_INTERVAL: ACCEPTED
Got COMMAND_ACK: SET_MESSAGE_INTERVAL: ACCEPTED
Got COMMAND_ACK: SET_MESSAGE_INTERVAL: ACCEPTED
Got COMMAND_ACK: SET_MESSAGE_INTERVAL: ACCEPTED
Got COMMAND_ACK: SET_MESSAGE_INTERVAL: ACCEPTED
Got COMMAND_ACK: SET_MESSAGE_INTERVAL: ACCEPTED
Got COMMAND_ACK: SET_MESSAGE_INTERVAL: ACCEPTED
Got COMMAND_ACK: SET_MESSAGE_INTERVAL: ACCEPTED
Got COMMAND_ACK: SET_MESSAGE_INTERVAL: ACCEPTED
Got COMMAND_ACK: SET_MESSAGE_INTERVAL: ACCEPTED
Got COMMAND_ACK: SET_MESSAGE_INTERVAL: ACCEPTED
Got COMMAND_ACK: SET_MESSAGE_INTERVAL: ACCEPTED
Got COMMAND_ACK: SET_MESSAGE_INTERVAL: ACCEPTED
Got COMMAND_ACK: SET_MESSAGE_INTERVAL: ACCEPTED
Got COMMAND_ACK: SET_MESSAGE_INTERVAL: ACCEPTED
Got COMMAND_ACK: SET_MESSAGE_INTERVAL: ACCEPTED
Got COMMAND_ACK: SET_MESSAGE_INTERVAL: ACCEPTED
Got COMMAND_ACK: SET_MESSAGE_INTERVAL: ACCEPTED
Got COMMAND_ACK: SET_MESSAGE_INTERVAL: ACCEPTED
Got COMMAND_ACK: SET_MESSAGE_INTERVAL: ACCEPTED
Got COMMAND_ACK: SET_MESSAGE_INTERVAL: ACCEPTED
Got COMMAND_ACK: SET_MESSAGE_INTERVAL: ACCEPTED
Got COMMAND_ACK: SET_MESSAGE_INTERVAL: ACCEPTED
Got COMMAND_ACK: SET_MESSAGE_INTERVAL: ACCEPTED
Got COMMAND_ACK: SET_MESSAGE_INTERVAL: ACCEPTED
Got COMMAND_ACK: SET_MESSAGE_INTERVAL: ACCEPTED
Got COMMAND_ACK: SET_MESSAGE_INTERVAL: ACCEPTED
Got COMMAND_ACK: SET_MESSAGE_INTERVAL: ACCEPTED
Got COMMAND_ACK: SET_MESSAGE_INTERVAL: ACCEPTED
Got COMMAND_ACK: SET_MESSAGE_INTERVAL: ACCEPTED
Got COMMAND_ACK: SET_MESSAGE_INTERVAL: ACCEPTED
Got COMMAND_ACK: SET_MESSAGE_INTERVAL: ACCEPTED
Got COMMAND_ACK: SET_MESSAGE_INTERVAL: ACCEPTED
Got COMMAND_ACK: SET_MESSAGE_INTERVAL: ACCEPTED
Got COMMAND_ACK: SET_MESSAGE_INTERVAL: ACCEPTED
Got COMMAND_ACK: SET_MESSAGE_INTERVAL: ACCEPTED
Got COMMAND_ACK: SET_MESSAGE_INTERVAL: ACCEPTED
Got COMMAND_ACK: SET_MESSAGE_INTERVAL: ACCEPTED
Got COMMAND_ACK: SET_MESSAGE_INTERVAL: ACCEPTED
Got COMMAND_ACK: SET_MESSAGE_INTERVAL: ACCEPTED
Got COMMAND_ACK: SET_MESSAGE_INTERVAL: ACCEPTED
Got COMMAND_ACK: SET_MESSAGE_INTERVAL: ACCEPTED
Got COMMAND_ACK: SET_MESSAGE_INTERVAL: ACCEPTED
Got COMMAND_ACK: SET_MESSAGE_INTERVAL: ACCEPTED
Got COMMAND_ACK: SET_MESSAGE_INTERVAL: ACCEPTED
Got COMMAND_ACK: SET_MESSAGE_INTERVAL: ACCEPTED
Got COMMAND_ACK: SET_MESSAGE_INTERVAL: ACCEPTED
Got COMMAND_ACK: SET_MESSAGE_INTERVAL: ACCEPTED
Got COMMAND_ACK: SET_MESSAGE_INTERVAL: ACCEPTED
Got COMMAND_ACK: SET_MESSAGE_INTERVAL: ACCEPTED
Got COMMAND_ACK: SET_MESSAGE_INTERVAL: ACCEPTED
Got COMMAND_ACK: SET_MESSAGE_INTERVAL: ACCEPTED
Got COMMAND_ACK: SET_MESSAGE_INTERVAL: ACCEPTED
Got COMMAND_ACK: SET_MESSAGE_INTERVAL: ACCEPTED
Got COMMAND_ACK: SET_MESSAGE_INTERVAL: ACCEPTED
Got COMMAND_ACK: SET_MESSAGE_INTERVAL: ACCEPTED
Got COMMAND_ACK: SET_MESSAGE_INTERVAL: ACCEPTED
Got COMMAND_ACK: SET_MESSAGE_INTERVAL: ACCEPTED
Got COMMAND_ACK: SET_MESSAGE_INTERVAL: ACCEPTED
Got COMMAND_ACK: SET_MESSAGE_INTERVAL: ACCEPTED
Got COMMAND_ACK: SET_MESSAGE_INTERVAL: ACCEPTED
Got COMMAND_ACK: SET_MESSAGE_INTERVAL: ACCEPTED
Got COMMAND_ACK: SET_MESSAGE_INTERVAL: ACCEPTED
Got COMMAND_ACK: SET_MESSAGE_INTERVAL: ACCEPTED
Got COMMAND_ACK: SET_MESSAGE_INTERVAL: ACCEPTED
Got COMMAND_ACK: SET_MESSAGE_INTERVAL: ACCEPTED
Got COMMAND_ACK: SET_MESSAGE_INTERVAL: ACCEPTED
Got COMMAND_ACK: SET_MESSAGE_INTERVAL: ACCEPTED
Got COMMAND_ACK: SET_MESSAGE_INTERVAL: ACCEPTED
Got COMMAND_ACK: SET_MESSAGE_INTERVAL: ACCEPTED
Got COMMAND_ACK: SET_MESSAGE_INTERVAL: ACCEPTED
Got COMMAND_ACK: SET_MESSAGE_INTERVAL: ACCEPTED
Got COMMAND_ACK: SET_MESSAGE_INTERVAL: ACCEPTED
Got COMMAND_ACK: SET_MESSAGE_INTERVAL: ACCEPTED
Got COMMAND_ACK: SET_MESSAGE_INTERVAL: ACCEPTED
Got COMMAND_ACK: SET_MESSAGE_INTERVAL: ACCEPTED
Got COMMAND_ACK: SET_MESSAGE_INTERVAL: ACCEPTED
Got COMMAND_ACK: SET_MESSAGE_INTERVAL: ACCEPTED
Got COMMAND_ACK: SET_MESSAGE_INTERVAL: ACCEPTED
Got COMMAND_ACK: SET_MESSAGE_INTERVAL: ACCEPTED
Got COMMAND_ACK: SET_MESSAGE_INTERVAL: ACCEPTED
Got COMMAND_ACK: SET_MESSAGE_INTERVAL: ACCEPTED
Got COMMAND_ACK: SET_MESSAGE_INTERVAL: ACCEPTED
Got COMMAND_ACK: SET_MESSAGE_INTERVAL: ACCEPTED
Got COMMAND_ACK: SET_MESSAGE_INTERVAL: ACCEPTED
Got COMMAND_ACK: SET_MESSAGE_INTERVAL: ACCEPTED
Got COMMAND_ACK: SET_MESSAGE_INTERVAL: ACCEPTED
Got COMMAND_ACK: SET_MESSAGE_INTERVAL: ACCEPTED
Got COMMAND_ACK: SET_MESSAGE_INTERVAL: ACCEPTED
Got COMMAND_ACK: SET_MESSAGE_INTERVAL: ACCEPTED
Got COMMAND_ACK: SET_MESSAGE_INTERVAL: ACCEPTED
Got COMMAND_ACK: SET_MESSAGE_INTERVAL: ACCEPTED
Got COMMAND_ACK: SET_MESSAGE_INTERVAL: ACCEPTED
Got COMMAND_ACK: SET_MESSAGE_INTERVAL: ACCEPTED
Got COMMAND_ACK: SET_MESSAGE_INTERVAL: ACCEPTED
Got COMMAND_ACK: SET_MESSAGE_INTERVAL: ACCEPTED
Got COMMAND_ACK: SET_MESSAGE_INTERVAL: ACCEPTED
Got COMMAND_ACK: SET_MESSAGE_INTERVAL: ACCEPTED
Got COMMAND_ACK: SET_MESSAGE_INTERVAL: ACCEPTED
Got COMMAND_ACK: SET_MESSAGE_INTERVAL: ACCEPTED
Got COMMAND_ACK: SET_MESSAGE_INTERVAL: ACCEPTED
Got COMMAND_ACK: SET_MESSAGE_INTERVAL: ACCEPTED
Got COMMAND_ACK: SET_MESSAGE_INTERVAL: ACCEPTED
Got COMMAND_ACK: SET_MESSAGE_INTERVAL: ACCEPTED
Got COMMAND_ACK: SET_MESSAGE_INTERVAL: ACCEPTED
Got COMMAND_ACK: SET_MESSAGE_INTERVAL: ACCEPTED
Got COMMAND_ACK: SET_MESSAGE_INTERVAL: ACCEPTED
Got COMMAND_ACK: SET_MESSAGE_INTERVAL: ACCEPTED
Got COMMAND_ACK: SET_MESSAGE_INTERVAL: ACCEPTED
Got COMMAND_ACK: SET_MESSAGE_INTERVAL: ACCEPTED
Got COMMAND_ACK: SET_MESSAGE_INTERVAL: ACCEPTED
Got COMMAND_ACK: SET_MESSAGE_INTERVAL: ACCEPTED
Got COMMAND_ACK: SET_MESSAGE_INTERVAL: ACCEPTED
Got COMMAND_ACK: SET_MESSAGE_INTERVAL: ACCEPTED
Got COMMAND_ACK: SET_MESSAGE_INTERVAL: ACCEPTED
Got COMMAND_ACK: SET_MESSAGE_INTERVAL: ACCEPTED
Got COMMAND_ACK: SET_MESSAGE_INTERVAL: ACCEPTED
Got COMMAND_ACK: SET_MESSAGE_INTERVAL: ACCEPTED
Got COMMAND_ACK: SET_MESSAGE_INTERVAL: ACCEPTED
Got COMMAND_ACK: SET_MESSAGE_INTERVAL: ACCEPTED
Got COMMAND_ACK: SET_MESSAGE_INTERVAL: ACCEPTED
Got COMMAND_ACK: SET_MESSAGE_INTERVAL: ACCEPTED
Got COMMAND_ACK: SET_MESSAGE_INTERVAL: ACCEPTED
Got COMMAND_ACK: SET_MESSAGE_INTERVAL: ACCEPTED
Got COMMAND_ACK: SET_MESSAGE_INTERVAL: ACCEPTED
Got COMMAND_ACK: SET_MESSAGE_INTERVAL: ACCEPTED
Got COMMAND_ACK: SET_MESSAGE_INTERVAL: ACCEPTED
Got COMMAND_ACK: SET_MESSAGE_INTERVAL: ACCEPTED
Got COMMAND_ACK: SET_MESSAGE_INTERVAL: ACCEPTED
Got COMMAND_ACK: SET_MESSAGE_INTERVAL: ACCEPTED
Got COMMAND_ACK: SET_MESSAGE_INTERVAL: ACCEPTED
Got COMMAND_ACK: SET_MESSAGE_INTERVAL: ACCEPTED
Got COMMAND_ACK: SET_MESSAGE_INTERVAL: ACCEPTED
Got COMMAND_ACK: SET_MESSAGE_INTERVAL: ACCEPTED
Got COMMAND_ACK: SET_MESSAGE_INTERVAL: ACCEPTED
Got COMMAND_ACK: SET_MESSAGE_INTERVAL: ACCEPTED
Got COMMAND_ACK: SET_MESSAGE_INTERVAL: ACCEPTED
Got COMMAND_ACK: SET_MESSAGE_INTERVAL: ACCEPTED
Got COMMAND_ACK: SET_MESSAGE_INTERVAL: ACCEPTED
Got COMMAND_ACK: SET_MESSAGE_INTERVAL: ACCEPTED
Got COMMAND_ACK: SET_MESSAGE_INTERVAL: ACCEPTED
Got COMMAND_ACK: SET_MESSAGE_INTERVAL: ACCEPTED
Got COMMAND_ACK: SET_MESSAGE_INTERVAL: ACCEPTED
Got COMMAND_ACK: SET_MESSAGE_INTERVAL: ACCEPTED
Got COMMAND_ACK: SET_MESSAGE_INTERVAL: ACCEPTED
Got COMMAND_ACK: SET_MESSAGE_INTERVAL: ACCEPTED
Got COMMAND_ACK: SET_MESSAGE_INTERVAL: ACCEPTED
Got COMMAND_ACK: SET_MESSAGE_INTERVAL: ACCEPTED
Got COMMAND_ACK: SET_MESSAGE_INTERVAL: ACCEPTED
Got COMMAND_ACK: SET_MESSAGE_INTERVAL: ACCEPTED
Got COMMAND_ACK: SET_MESSAGE_INTERVAL: ACCEPTED
Got COMMAND_ACK: SET_MESSAGE_INTERVAL: ACCEPTED
Got COMMAND_ACK: SET_MESSAGE_INTERVAL: ACCEPTED
Got COMMAND_ACK: SET_MESSAGE_INTERVAL: ACCEPTED
Got COMMAND_ACK: SET_MESSAGE_INTERVAL: ACCEPTED
Got COMMAND_ACK: SET_MESSAGE_INTERVAL: ACCEPTED
Got COMMAND_ACK: SET_MESSAGE_INTERVAL: ACCEPTED
Got COMMAND_ACK: SET_MESSAGE_INTERVAL: ACCEPTED
Got COMMAND_ACK: SET_MESSAGE_INTERVAL: ACCEPTED
Got COMMAND_ACK: SET_MESSAGE_INTERVAL: ACCEPTED
Got COMMAND_ACK: SET_MESSAGE_INTERVAL: ACCEPTED
Got COMMAND_ACK: SET_MESSAGE_INTERVAL: ACCEPTED
Got COMMAND_ACK: SET_MESSAGE_INTERVAL: ACCEPTED
Got COMMAND_ACK: SET_MESSAGE_INTERVAL: ACCEPTED
Got COMMAND_ACK: SET_MESSAGE_INTERVAL: ACCEPTED
Got COMMAND_ACK: SET_MESSAGE_INTERVAL: ACCEPTED
Got COMMAND_ACK: SET_MESSAGE_INTERVAL: ACCEPTED
Got COMMAND_ACK: SET_MESSAGE_INTERVAL: ACCEPTED
Got COMMAND_ACK: SET_MESSAGE_INTERVAL: ACCEPTED
Got COMMAND_ACK: SET_MESSAGE_INTERVAL: ACCEPTED
Got COMMAND_ACK: SET_MESSAGE_INTERVAL: ACCEPTED
Got COMMAND_ACK: SET_MESSAGE_INTERVAL: ACCEPTED
Got COMMAND_ACK: SET_MESSAGE_INTERVAL: ACCEPTED
Got COMMAND_ACK: SET_MESSAGE_INTERVAL: ACCEPTED
Got COMMAND_ACK: SET_MESSAGE_INTERVAL: ACCEPTED
Got COMMAND_ACK: SET_MESSAGE_INTERVAL: ACCEPTED
Got COMMAND_ACK: SET_MESSAGE_INTERVAL: ACCEPTED
Got COMMAND_ACK: SET_MESSAGE_INTERVAL: ACCEPTED
Got COMMAND_ACK: SET_MESSAGE_INTERVAL: ACCEPTED
Got COMMAND_ACK: SET_MESSAGE_INTERVAL: ACCEPTED
Got COMMAND_ACK: SET_MESSAGE_INTERVAL: ACCEPTED
Got COMMAND_ACK: SET_MESSAGE_INTERVAL: ACCEPTED
Got COMMAND_ACK: SET_MESSAGE_INTERVAL: ACCEPTED
Got COMMAND_ACK: SET_MESSAGE_INTERVAL: ACCEPTED
Got COMMAND_ACK: SET_MESSAGE_INTERVAL: ACCEPTED
Got COMMAND_ACK: SET_MESSAGE_INTERVAL: ACCEPTED
Got COMMAND_ACK: SET_MESSAGE_INTERVAL: ACCEPTED
Got COMMAND_ACK: SET_MESSAGE_INTERVAL: ACCEPTED
Got COMMAND_ACK: SET_MESSAGE_INTERVAL: ACCEPTED
Got COMMAND_ACK: SET_MESSAGE_INTERVAL: ACCEPTED
Got COMMAND_ACK: SET_MESSAGE_INTERVAL: ACCEPTED
Got COMMAND_ACK: SET_MESSAGE_INTERVAL: ACCEPTED
Got COMMAND_ACK: SET_MESSAGE_INTERVAL: ACCEPTED
Got COMMAND_ACK: SET_MESSAGE_INTERVAL: ACCEPTED
Got COMMAND_ACK: SET_MESSAGE_INTERVAL: ACCEPTED
Got COMMAND_ACK: SET_MESSAGE_INTERVAL: ACCEPTED
Got COMMAND_ACK: SET_MESSAGE_INTERVAL: ACCEPTED
Got COMMAND_ACK: SET_MESSAGE_INTERVAL: ACCEPTED
Got COMMAND_ACK: SET_MESSAGE_INTERVAL: ACCEPTED
Got COMMAND_ACK: SET_MESSAGE_INTERVAL: ACCEPTED
Got COMMAND_ACK: SET_MESSAGE_INTERVAL: ACCEPTED
Got COMMAND_ACK: SET_MESSAGE_INTERVAL: ACCEPTED
Got COMMAND_ACK: SET_MESSAGE_INTERVAL: ACCEPTED
Got COMMAND_ACK: SET_MESSAGE_INTERVAL: ACCEPTED
Got COMMAND_ACK: SET_MESSAGE_INTERVAL: ACCEPTED
Got COMMAND_ACK: SET_MESSAGE_INTERVAL: ACCEPTED
Got COMMAND_ACK: SET_MESSAGE_INTERVAL: ACCEPTED
Got COMMAND_ACK: SET_MESSAGE_INTERVAL: ACCEPTED
Got COMMAND_ACK: SET_MESSAGE_INTERVAL: ACCEPTED
Got COMMAND_ACK: SET_MESSAGE_INTERVAL: ACCEPTED
Got COMMAND_ACK: SET_MESSAGE_INTERVAL: ACCEPTED
Got COMMAND_ACK: SET_MESSAGE_INTERVAL: ACCEPTED
Got COMMAND_ACK: SET_MESSAGE_INTERVAL: ACCEPTED
Got COMMAND_ACK: SET_MESSAGE_INTERVAL: ACCEPTED
Got COMMAND_ACK: SET_MESSAGE_INTERVAL: ACCEPTED
Got COMMAND_ACK: SET_MESSAGE_INTERVAL: ACCEPTED
Got COMMAND_ACK: SET_MESSAGE_INTERVAL: ACCEPTED
Got COMMAND_ACK: SET_MESSAGE_INTERVAL: ACCEPTED
Got COMMAND_ACK: SET_MESSAGE_INTERVAL: ACCEPTED
Got COMMAND_ACK: SET_MESSAGE_INTERVAL: ACCEPTED
Got COMMAND_ACK: SET_MESSAGE_INTERVAL: ACCEPTED
Got COMMAND_ACK: SET_MESSAGE_INTERVAL: ACCEPTED
Got COMMAND_ACK: SET_MESSAGE_INTERVAL: ACCEPTED
Got COMMAND_ACK: SET_MESSAGE_INTERVAL: ACCEPTED
Got COMMAND_ACK: SET_MESSAGE_INTERVAL: ACCEPTED
Got COMMAND_ACK: SET_MESSAGE_INTERVAL: ACCEPTED
Got COMMAND_ACK: SET_MESSAGE_INTERVAL: ACCEPTED
Got COMMAND_ACK: SET_MESSAGE_INTERVAL: ACCEPTED
Got COMMAND_ACK: SET_MESSAGE_INTERVAL: ACCEPTED
Got COMMAND_ACK: SET_MESSAGE_INTERVAL: ACCEPTED
Got COMMAND_ACK: SET_MESSAGE_INTERVAL: ACCEPTED
Got COMMAND_ACK: SET_MESSAGE_INTERVAL: ACCEPTED
Got COMMAND_ACK: SET_MESSAGE_INTERVAL: ACCEPTED
Got COMMAND_ACK: SET_MESSAGE_INTERVAL: ACCEPTED
Got COMMAND_ACK: SET_MESSAGE_INTERVAL: ACCEPTED
Got COMMAND_ACK: SET_MESSAGE_INTERVAL: ACCEPTED
Got COMMAND_ACK: SET_MESSAGE_INTERVAL: ACCEPTED
Got COMMAND_ACK: SET_MESSAGE_INTERVAL: ACCEPTED
Got COMMAND_ACK: SET_MESSAGE_INTERVAL: ACCEPTED
Got COMMAND_ACK: SET_MESSAGE_INTERVAL: ACCEPTED
Got COMMAND_ACK: SET_MESSAGE_INTERVAL: ACCEPTED
Got COMMAND_ACK: SET_MESSAGE_INTERVAL: ACCEPTED
Got COMMAND_ACK: SET_MESSAGE_INTERVAL: ACCEPTED
Got COMMAND_ACK: SET_MESSAGE_INTERVAL: ACCEPTED
Got COMMAND_ACK: SET_MESSAGE_INTERVAL: ACCEPTED
Got COMMAND_ACK: SET_MESSAGE_INTERVAL: ACCEPTED
Got COMMAND_ACK: SET_MESSAGE_INTERVAL: ACCEPTED
Got COMMAND_ACK: SET_MESSAGE_INTERVAL: ACCEPTED
Got COMMAND_ACK: SET_MESSAGE_INTERVAL: ACCEPTED
Got COMMAND_ACK: SET_MESSAGE_INTERVAL: ACCEPTED
Got COMMAND_ACK: SET_MESSAGE_INTERVAL: ACCEPTED
Got COMMAND_ACK: SET_MESSAGE_INTERVAL: ACCEPTED
Got COMMAND_ACK: SET_MESSAGE_INTERVAL: ACCEPTED
Got COMMAND_ACK: SET_MESSAGE_INTERVAL: ACCEPTED
Got COMMAND_ACK: SET_MESSAGE_INTERVAL: ACCEPTED
Got COMMAND_ACK: SET_MESSAGE_INTERVAL: ACCEPTED
Got COMMAND_ACK: SET_MESSAGE_INTERVAL: ACCEPTED
Got COMMAND_ACK: SET_MESSAGE_INTERVAL: ACCEPTED
Got COMMAND_ACK: SET_MESSAGE_INTERVAL: ACCEPTED
Got COMMAND_ACK: SET_MESSAGE_INTERVAL: ACCEPTED
Got COMMAND_ACK: SET_MESSAGE_INTERVAL: ACCEPTED
Got COMMAND_ACK: SET_MESSAGE_INTERVAL: ACCEPTED
Got COMMAND_ACK: SET_MESSAGE_INTERVAL: ACCEPTED
Got COMMAND_ACK: SET_MESSAGE_INTERVAL: ACCEPTED
Got COMMAND_ACK: SET_MESSAGE_INTERVAL: ACCEPTED
Got COMMAND_ACK: SET_MESSAGE_INTERVAL: ACCEPTED
Got COMMAND_ACK: SET_MESSAGE_INTERVAL: ACCEPTED
Got COMMAND_ACK: SET_MESSAGE_INTERVAL: ACCEPTED
Got COMMAND_ACK: SET_MESSAGE_INTERVAL: ACCEPTED
Got COMMAND_ACK: SET_MESSAGE_INTERVAL: ACCEPTED
Got COMMAND_ACK: SET_MESSAGE_INTERVAL: ACCEPTED
Got COMMAND_ACK: SET_MESSAGE_INTERVAL: ACCEPTED
Got COMMAND_ACK: SET_MESSAGE_INTERVAL: ACCEPTED
Got COMMAND_ACK: SET_MESSAGE_INTERVAL: ACCEPTED
Got COMMAND_ACK: SET_MESSAGE_INTERVAL: ACCEPTED
Got COMMAND_ACK: SET_MESSAGE_INTERVAL: ACCEPTED
Got COMMAND_ACK: SET_MESSAGE_INTERVAL: ACCEPTED
Got COMMAND_ACK: SET_MESSAGE_INTERVAL: ACCEPTED
Got COMMAND_ACK: SET_MESSAGE_INTERVAL: ACCEPTED
Got COMMAND_ACK: SET_MESSAGE_INTERVAL: ACCEPTED
Got COMMAND_ACK: SET_MESSAGE_INTERVAL: ACCEPTED
Got COMMAND_ACK: SET_MESSAGE_INTERVAL: ACCEPTED
Got COMMAND_ACK: SET_MESSAGE_INTERVAL: ACCEPTED
Got COMMAND_ACK: SET_MESSAGE_INTERVAL: ACCEPTED
Got COMMAND_ACK: SET_MESSAGE_INTERVAL: ACCEPTED
Got COMMAND_ACK: SET_MESSAGE_INTERVAL: ACCEPTED
Got COMMAND_ACK: SET_MESSAGE_INTERVAL: ACCEPTED
Got COMMAND_ACK: SET_MESSAGE_INTERVAL: ACCEPTED
Got COMMAND_ACK: SET_MESSAGE_INTERVAL: ACCEPTED
Got COMMAND_ACK: SET_MESSAGE_INTERVAL: ACCEPTED
Got COMMAND_ACK: SET_MESSAGE_INTERVAL: ACCEPTED
Got COMMAND_ACK: SET_MESSAGE_INTERVAL: ACCEPTED
Got COMMAND_ACK: SET_MESSAGE_INTERVAL: ACCEPTED
Got COMMAND_ACK: SET_MESSAGE_INTERVAL: ACCEPTED
Got COMMAND_ACK: SET_MESSAGE_INTERVAL: ACCEPTED
Got COMMAND_ACK: SET_MESSAGE_INTERVAL: ACCEPTED
Got COMMAND_ACK: SET_MESSAGE_INTERVAL: ACCEPTED
Got COMMAND_ACK: SET_MESSAGE_INTERVAL: ACCEPTED
Got COMMAND_ACK: SET_MESSAGE_INTERVAL: ACCEPTED
Got COMMAND_ACK: SET_MESSAGE_INTERVAL: ACCEPTED
Got COMMAND_ACK: SET_MESSAGE_INTERVAL: ACCEPTED
Got COMMAND_ACK: SET_MESSAGE_INTERVAL: ACCEPTED
Got COMMAND_ACK: SET_MESSAGE_INTERVAL: ACCEPTED
Got COMMAND_ACK: SET_MESSAGE_INTERVAL: ACCEPTED
Got COMMAND_ACK: SET_MESSAGE_INTERVAL: ACCEPTED
Got COMMAND_ACK: SET_MESSAGE_INTERVAL: ACCEPTED
Got COMMAND_ACK: SET_MESSAGE_INTERVAL: ACCEPTED
Got COMMAND_ACK: SET_MESSAGE_INTERVAL: ACCEPTED
Got COMMAND_ACK: SET_MESSAGE_INTERVAL: ACCEPTED
Got COMMAND_ACK: SET_MESSAGE_INTERVAL: ACCEPTED
Got COMMAND_ACK: SET_MESSAGE_INTERVAL: ACCEPTED
Got COMMAND_ACK: SET_MESSAGE_INTERVAL: ACCEPTED
Got COMMAND_ACK: SET_MESSAGE_INTERVAL: ACCEPTED
Got COMMAND_ACK: SET_MESSAGE_INTERVAL: ACCEPTED
Got COMMAND_ACK: SET_MESSAGE_INTERVAL: ACCEPTED
Got COMMAND_ACK: SET_MESSAGE_INTERVAL: ACCEPTED
Got COMMAND_ACK: SET_MESSAGE_INTERVAL: ACCEPTED
Got COMMAND_ACK: SET_MESSAGE_INTERVAL: ACCEPTED
Got COMMAND_ACK: SET_MESSAGE_INTERVAL: ACCEPTED
Got COMMAND_ACK: SET_MESSAGE_INTERVAL: ACCEPTED
Got COMMAND_ACK: SET_MESSAGE_INTERVAL: ACCEPTED
Got COMMAND_ACK: SET_MESSAGE_INTERVAL: ACCEPTED
Got COMMAND_ACK: SET_MESSAGE_INTERVAL: ACCEPTED
Got COMMAND_ACK: SET_MESSAGE_INTERVAL: ACCEPTED
Got COMMAND_ACK: SET_MESSAGE_INTERVAL: ACCEPTED
Got COMMAND_ACK: SET_MESSAGE_INTERVAL: ACCEPTED
Got COMMAND_ACK: SET_MESSAGE_INTERVAL: ACCEPTED
Got COMMAND_ACK: SET_MESSAGE_INTERVAL: ACCEPTED
Got COMMAND_ACK: SET_MESSAGE_INTERVAL: ACCEPTED
Got COMMAND_ACK: SET_MESSAGE_INTERVAL: ACCEPTED
Got COMMAND_ACK: SET_MESSAGE_INTERVAL: ACCEPTED
Got COMMAND_ACK: SET_MESSAGE_INTERVAL: ACCEPTED
Got COMMAND_ACK: SET_MESSAGE_INTERVAL: ACCEPTED
Got COMMAND_ACK: SET_MESSAGE_INTERVAL: ACCEPTED
Got COMMAND_ACK: SET_MESSAGE_INTERVAL: ACCEPTED
Got COMMAND_ACK: SET_MESSAGE_INTERVAL: ACCEPTED
Got COMMAND_ACK: SET_MESSAGE_INTERVAL: ACCEPTED
Got COMMAND_ACK: SET_MESSAGE_INTERVAL: ACCEPTED
Got COMMAND_ACK: SET_MESSAGE_INTERVAL: ACCEPTED
Got COMMAND_ACK: SET_MESSAGE_INTERVAL: ACCEPTED
Got COMMAND_ACK: SET_MESSAGE_INTERVAL: ACCEPTED
Got COMMAND_ACK: SET_MESSAGE_INTERVAL: ACCEPTED
Got COMMAND_ACK: SET_MESSAGE_INTERVAL: ACCEPTED
Got COMMAND_ACK: SET_MESSAGE_INTERVAL: ACCEPTED
Got COMMAND_ACK: SET_MESSAGE_INTERVAL: ACCEPTED
Got COMMAND_ACK: SET_MESSAGE_INTERVAL: ACCEPTED
Got COMMAND_ACK: SET_MESSAGE_INTERVAL: ACCEPTED
Got COMMAND_ACK: SET_MESSAGE_INTERVAL: ACCEPTED
Got COMMAND_ACK: SET_MESSAGE_INTERVAL: ACCEPTED
Got COMMAND_ACK: SET_MESSAGE_INTERVAL: ACCEPTED
Got COMMAND_ACK: SET_MESSAGE_INTERVAL: ACCEPTED
Got COMMAND_ACK: SET_MESSAGE_INTERVAL: ACCEPTED
Got COMMAND_ACK: SET_MESSAGE_INTERVAL: ACCEPTED
Got COMMAND_ACK: SET_MESSAGE_INTERVAL: ACCEPTED
Got COMMAND_ACK: SET_MESSAGE_INTERVAL: ACCEPTED
Got COMMAND_ACK: SET_MESSAGE_INTERVAL: ACCEPTED
Got COMMAND_ACK: SET_MESSAGE_INTERVAL: ACCEPTED
Got COMMAND_ACK: SET_MESSAGE_INTERVAL: ACCEPTED
Got COMMAND_ACK: SET_MESSAGE_INTERVAL: ACCEPTED
Got COMMAND_ACK: SET_MESSAGE_INTERVAL: ACCEPTED
Got COMMAND_ACK: SET_MESSAGE_INTERVAL: ACCEPTED
Got COMMAND_ACK: SET_MESSAGE_INTERVAL: ACCEPTED
Got COMMAND_ACK: SET_MESSAGE_INTERVAL: ACCEPTED
Got COMMAND_ACK: SET_MESSAGE_INTERVAL: ACCEPTED
Got COMMAND_ACK: SET_MESSAGE_INTERVAL: ACCEPTED
Got COMMAND_ACK: SET_MESSAGE_INTERVAL: ACCEPTED
Got COMMAND_ACK: SET_MESSAGE_INTERVAL: ACCEPTED
Got COMMAND_ACK: SET_MESSAGE_INTERVAL: ACCEPTED
Got COMMAND_ACK: SET_MESSAGE_INTERVAL: ACCEPTED
Got COMMAND_ACK: SET_MESSAGE_INTERVAL: ACCEPTED
Got COMMAND_ACK: SET_MESSAGE_INTERVAL: ACCEPTED
Got COMMAND_ACK: SET_MESSAGE_INTERVAL: ACCEPTED
Got COMMAND_ACK: SET_MESSAGE_INTERVAL: ACCEPTED
Got COMMAND_ACK: SET_MESSAGE_INTERVAL: ACCEPTED
Got COMMAND_ACK: SET_MESSAGE_INTERVAL: ACCEPTED
Got COMMAND_ACK: SET_MESSAGE_INTERVAL: ACCEPTED
Got COMMAND_ACK: SET_MESSAGE_INTERVAL: ACCEPTED
Got COMMAND_ACK: SET_MESSAGE_INTERVAL: ACCEPTED
Got COMMAND_ACK: SET_MESSAGE_INTERVAL: ACCEPTED
Got COMMAND_ACK: SET_MESSAGE_INTERVAL: ACCEPTED
Got COMMAND_ACK: SET_MESSAGE_INTERVAL: ACCEPTED
Got COMMAND_ACK: SET_MESSAGE_INTERVAL: ACCEPTED
Got COMMAND_ACK: SET_MESSAGE_INTERVAL: ACCEPTED
Got COMMAND_ACK: SET_MESSAGE_INTERVAL: ACCEPTED
Got COMMAND_ACK: SET_MESSAGE_INTERVAL: ACCEPTED
Got COMMAND_ACK: SET_MESSAGE_INTERVAL: ACCEPTED
Got COMMAND_ACK: SET_MESSAGE_INTERVAL: ACCEPTED
Got COMMAND_ACK: SET_MESSAGE_INTERVAL: ACCEPTED
Got COMMAND_ACK: SET_MESSAGE_INTERVAL: ACCEPTED
Got COMMAND_ACK: SET_MESSAGE_INTERVAL: ACCEPTED
Got COMMAND_ACK: SET_MESSAGE_INTERVAL: ACCEPTED
Got COMMAND_ACK: SET_MESSAGE_INTERVAL: ACCEPTED
Got COMMAND_ACK: SET_MESSAGE_INTERVAL: ACCEPTED
Got COMMAND_ACK: SET_MESSAGE_INTERVAL: ACCEPTED
Got COMMAND_ACK: SET_MESSAGE_INTERVAL: ACCEPTED
Got COMMAND_ACK: SET_MESSAGE_INTERVAL: ACCEPTED
Got COMMAND_ACK: SET_MESSAGE_INTERVAL: ACCEPTED
Got COMMAND_ACK: SET_MESSAGE_INTERVAL: ACCEPTED
Got COMMAND_ACK: SET_MESSAGE_INTERVAL: ACCEPTED
Got COMMAND_ACK: SET_MESSAGE_INTERVAL: ACCEPTED
Got COMMAND_ACK: SET_MESSAGE_INTERVAL: ACCEPTED
Got COMMAND_ACK: SET_MESSAGE_INTERVAL: ACCEPTED
Got COMMAND_ACK: SET_MESSAGE_INTERVAL: ACCEPTED
Got COMMAND_ACK: SET_MESSAGE_INTERVAL: ACCEPTED
Got COMMAND_ACK: SET_MESSAGE_INTERVAL: ACCEPTED
Got COMMAND_ACK: SET_MESSAGE_INTERVAL: ACCEPTED
Got COMMAND_ACK: SET_MESSAGE_INTERVAL: ACCEPTED
Got COMMAND_ACK: SET_MESSAGE_INTERVAL: ACCEPTED
Got COMMAND_ACK: SET_MESSAGE_INTERVAL: ACCEPTED
Got COMMAND_ACK: SET_MESSAGE_INTERVAL: ACCEPTED
Got COMMAND_ACK: SET_MESSAGE_INTERVAL: ACCEPTED
Got COMMAND_ACK: SET_MESSAGE_INTERVAL: ACCEPTED
Got COMMAND_ACK: SET_MESSAGE_INTERVAL: ACCEPTED
Got COMMAND_ACK: SET_MESSAGE_INTERVAL: ACCEPTED
Got COMMAND_ACK: SET_MESSAGE_INTERVAL: ACCEPTED
Got COMMAND_ACK: SET_MESSAGE_INTERVAL: ACCEPTED
Got COMMAND_ACK: SET_MESSAGE_INTERVAL: ACCEPTED
Got COMMAND_ACK: SET_MESSAGE_INTERVAL: ACCEPTED
Got COMMAND_ACK: SET_MESSAGE_INTERVAL: ACCEPTED
Got COMMAND_ACK: SET_MESSAGE_INTERVAL: ACCEPTED
Got COMMAND_ACK: SET_MESSAGE_INTERVAL: ACCEPTED
Got COMMAND_ACK: SET_MESSAGE_INTERVAL: ACCEPTED
Got COMMAND_ACK: SET_MESSAGE_INTERVAL: ACCEPTED
Got COMMAND_ACK: SET_MESSAGE_INTERVAL: ACCEPTED
Got COMMAND_ACK: SET_MESSAGE_INTERVAL: ACCEPTED
Got COMMAND_ACK: SET_MESSAGE_INTERVAL: ACCEPTED
Got COMMAND_ACK: SET_MESSAGE_INTERVAL: ACCEPTED
Got COMMAND_ACK: SET_MESSAGE_INTERVAL: ACCEPTED
Got COMMAND_ACK: SET_MESSAGE_INTERVAL: ACCEPTED
Got COMMAND_ACK: SET_MESSAGE_INTERVAL: ACCEPTED
Got COMMAND_ACK: SET_MESSAGE_INTERVAL: ACCEPTED
Got COMMAND_ACK: SET_MESSAGE_INTERVAL: ACCEPTED
Got COMMAND_ACK: SET_MESSAGE_INTERVAL: ACCEPTED
Got COMMAND_ACK: SET_MESSAGE_INTERVAL: ACCEPTED
Got COMMAND_ACK: SET_MESSAGE_INTERVAL: ACCEPTED
Got COMMAND_ACK: SET_MESSAGE_INTERVAL: ACCEPTED
Got COMMAND_ACK: SET_MESSAGE_INTERVAL: ACCEPTED
Got COMMAND_ACK: SET_MESSAGE_INTERVAL: ACCEPTED
Got COMMAND_ACK: SET_MESSAGE_INTERVAL: ACCEPTED
Got COMMAND_ACK: SET_MESSAGE_INTERVAL: ACCEPTED
Got COMMAND_ACK: SET_MESSAGE_INTERVAL: ACCEPTED
Got COMMAND_ACK: SET_MESSAGE_INTERVAL: ACCEPTED
Got COMMAND_ACK: SET_MESSAGE_INTERVAL: ACCEPTED
Got COMMAND_ACK: SET_MESSAGE_INTERVAL: ACCEPTED
Got COMMAND_ACK: SET_MESSAGE_INTERVAL: ACCEPTED
Got COMMAND_ACK: SET_MESSAGE_INTERVAL: ACCEPTED
Got COMMAND_ACK: SET_MESSAGE_INTERVAL: ACCEPTED
Got COMMAND_ACK: SET_MESSAGE_INTERVAL: ACCEPTED
Got COMMAND_ACK: SET_MESSAGE_INTERVAL: ACCEPTED
Got COMMAND_ACK: SET_MESSAGE_INTERVAL: ACCEPTED
Got COMMAND_ACK: SET_MESSAGE_INTERVAL: ACCEPTED
Got COMMAND_ACK: SET_MESSAGE_INTERVAL: ACCEPTED
Got COMMAND_ACK: SET_MESSAGE_INTERVAL: ACCEPTED
Got COMMAND_ACK: SET_MESSAGE_INTERVAL: ACCEPTED
Got COMMAND_ACK: SET_MESSAGE_INTERVAL: ACCEPTED
Got COMMAND_ACK: SET_MESSAGE_INTERVAL: ACCEPTED
Got COMMAND_ACK: SET_MESSAGE_INTERVAL: ACCEPTED
Got COMMAND_ACK: SET_MESSAGE_INTERVAL: ACCEPTED
Got COMMAND_ACK: SET_MESSAGE_INTERVAL: ACCEPTED
Got COMMAND_ACK: SET_MESSAGE_INTERVAL: ACCEPTED
Got COMMAND_ACK: SET_MESSAGE_INTERVAL: ACCEPTED
Got COMMAND_ACK: SET_MESSAGE_INTERVAL: ACCEPTED
Got COMMAND_ACK: SET_MESSAGE_INTERVAL: ACCEPTED
Got COMMAND_ACK: SET_MESSAGE_INTERVAL: ACCEPTED
Got COMMAND_ACK: SET_MESSAGE_INTERVAL: ACCEPTED
Got COMMAND_ACK: SET_MESSAGE_INTERVAL: ACCEPTED
Got COMMAND_ACK: SET_MESSAGE_INTERVAL: ACCEPTED
Got COMMAND_ACK: SET_MESSAGE_INTERVAL: ACCEPTED
Got COMMAND_ACK: SET_MESSAGE_INTERVAL: ACCEPTED
Got COMMAND_ACK: SET_MESSAGE_INTERVAL: ACCEPTED
Got COMMAND_ACK: SET_MESSAGE_INTERVAL: ACCEPTED
Got COMMAND_ACK: SET_MESSAGE_INTERVAL: ACCEPTED
Got COMMAND_ACK: SET_MESSAGE_INTERVAL: ACCEPTED
Got COMMAND_ACK: SET_MESSAGE_INTERVAL: ACCEPTED
Got COMMAND_ACK: SET_MESSAGE_INTERVAL: ACCEPTED
Got COMMAND_ACK: SET_MESSAGE_INTERVAL: ACCEPTED
Got COMMAND_ACK: SET_MESSAGE_INTERVAL: ACCEPTED
Got COMMAND_ACK: SET_MESSAGE_INTERVAL: ACCEPTED
Got COMMAND_ACK: SET_MESSAGE_INTERVAL: ACCEPTED
Got COMMAND_ACK: SET_MESSAGE_INTERVAL: ACCEPTED
Got COMMAND_ACK: SET_MESSAGE_INTERVAL: ACCEPTED
Got COMMAND_ACK: SET_MESSAGE_INTERVAL: ACCEPTED
Got COMMAND_ACK: SET_MESSAGE_INTERVAL: ACCEPTED
Got COMMAND_ACK: SET_MESSAGE_INTERVAL: ACCEPTED
Got COMMAND_ACK: SET_MESSAGE_INTERVAL: ACCEPTED
Got COMMAND_ACK: SET_MESSAGE_INTERVAL: ACCEPTED
Got COMMAND_ACK: SET_MESSAGE_INTERVAL: ACCEPTED
Got COMMAND_ACK: SET_MESSAGE_INTERVAL: ACCEPTED
Got COMMAND_ACK: SET_MESSAGE_INTERVAL: ACCEPTED
Flight battery 100 percent
Got COMMAND_ACK: SET_MESSAGE_INTERVAL: ACCEPTED
Got COMMAND_ACK: SET_MESSAGE_INTERVAL: ACCEPTED
Got COMMAND_ACK: SET_MESSAGE_INTERVAL: ACCEPTED
Got COMMAND_ACK: SET_MESSAGE_INTERVAL: ACCEPTED
Got COMMAND_ACK: SET_MESSAGE_INTERVAL: ACCEPTED
Got COMMAND_ACK: SET_MESSAGE_INTERVAL: ACCEPTED
Got COMMAND_ACK: SET_MESSAGE_INTERVAL: ACCEPTED
Got COMMAND_ACK: SET_MESSAGE_INTERVAL: ACCEPTED
Got COMMAND_ACK: SET_MESSAGE_INTERVAL: ACCEPTED
Got COMMAND_ACK: SET_MESSAGE_INTERVAL: ACCEPTED
Got COMMAND_ACK: SET_MESSAGE_INTERVAL: ACCEPTED
Got COMMAND_ACK: SET_MESSAGE_INTERVAL: ACCEPTED
Got COMMAND_ACK: SET_MESSAGE_INTERVAL: ACCEPTED
Got COMMAND_ACK: SET_MESSAGE_INTERVAL: ACCEPTED
Got COMMAND_ACK: SET_MESSAGE_INTERVAL: ACCEPTED
Got COMMAND_ACK: SET_MESSAGE_INTERVAL: ACCEPTED
Got COMMAND_ACK: SET_MESSAGE_INTERVAL: ACCEPTED
Got COMMAND_ACK: SET_MESSAGE_INTERVAL: ACCEPTED
Got COMMAND_ACK: SET_MESSAGE_INTERVAL: ACCEPTED
Got COMMAND_ACK: SET_MESSAGE_INTERVAL: ACCEPTED
Got COMMAND_ACK: SET_MESSAGE_INTERVAL: ACCEPTED
Got COMMAND_ACK: SET_MESSAGE_INTERVAL: ACCEPTED
Got COMMAND_ACK: SET_MESSAGE_INTERVAL: ACCEPTED
Got COMMAND_ACK: SET_MESSAGE_INTERVAL: ACCEPTED
Got COMMAND_ACK: SET_MESSAGE_INTERVAL: ACCEPTED
Got COMMAND_ACK: SET_MESSAGE_INTERVAL: ACCEPTED
Got COMMAND_ACK: SET_MESSAGE_INTERVAL: ACCEPTED
Got COMMAND_ACK: SET_MESSAGE_INTERVAL: ACCEPTED
Got COMMAND_ACK: SET_MESSAGE_INTERVAL: ACCEPTED
Got COMMAND_ACK: SET_MESSAGE_INTERVAL: ACCEPTED
Got COMMAND_ACK: SET_MESSAGE_INTERVAL: ACCEPTED
Got COMMAND_ACK: SET_MESSAGE_INTERVAL: ACCEPTED
Got COMMAND_ACK: SET_MESSAGE_INTERVAL: ACCEPTED
Got COMMAND_ACK: SET_MESSAGE_INTERVAL: ACCEPTED
Got COMMAND_ACK: SET_MESSAGE_INTERVAL: ACCEPTED
Got COMMAND_ACK: SET_MESSAGE_INTERVAL: ACCEPTED
Got COMMAND_ACK: SET_MESSAGE_INTERVAL: ACCEPTED
Got COMMAND_ACK: SET_MESSAGE_INTERVAL: ACCEPTED
Got COMMAND_ACK: SET_MESSAGE_INTERVAL: ACCEPTED
Got COMMAND_ACK: SET_MESSAGE_INTERVAL: ACCEPTED
Got COMMAND_ACK: SET_MESSAGE_INTERVAL: ACCEPTED
Got COMMAND_ACK: SET_MESSAGE_INTERVAL: ACCEPTED
Got COMMAND_ACK: SET_MESSAGE_INTERVAL: ACCEPTED
Got COMMAND_ACK: SET_MESSAGE_INTERVAL: ACCEPTED
Got COMMAND_ACK: SET_MESSAGE_INTERVAL: ACCEPTED
Got COMMAND_ACK: SET_MESSAGE_INTERVAL: ACCEPTED
Got COMMAND_ACK: SET_MESSAGE_INTERVAL: ACCEPTED
Got COMMAND_ACK: SET_MESSAGE_INTERVAL: ACCEPTED
Got COMMAND_ACK: SET_MESSAGE_INTERVAL: ACCEPTED
Got COMMAND_ACK: SET_MESSAGE_INTERVAL: ACCEPTED
Got COMMAND_ACK: SET_MESSAGE_INTERVAL: ACCEPTED
Got COMMAND_ACK: SET_MESSAGE_INTERVAL: ACCEPTED
Got COMMAND_ACK: SET_MESSAGE_INTERVAL: ACCEPTED
Got COMMAND_ACK: SET_MESSAGE_INTERVAL: ACCEPTED
Got COMMAND_ACK: SET_MESSAGE_INTERVAL: ACCEPTED
Got COMMAND_ACK: SET_MESSAGE_INTERVAL: ACCEPTED
Got COMMAND_ACK: SET_MESSAGE_INTERVAL: ACCEPTED
Got COMMAND_ACK: SET_MESSAGE_INTERVAL: ACCEPTED
Got COMMAND_ACK: SET_MESSAGE_INTERVAL: ACCEPTED
Got COMMAND_ACK: SET_MESSAGE_INTERVAL: ACCEPTED
Got COMMAND_ACK: SET_MESSAGE_INTERVAL: ACCEPTED
Got COMMAND_ACK: SET_MESSAGE_INTERVAL: ACCEPTED
Got COMMAND_ACK: SET_MESSAGE_INTERVAL: ACCEPTED
Got COMMAND_ACK: SET_MESSAGE_INTERVAL: ACCEPTED
Got COMMAND_ACK: SET_MESSAGE_INTERVAL: ACCEPTED
Got COMMAND_ACK: SET_MESSAGE_INTERVAL: ACCEPTED
Got COMMAND_ACK: SET_MESSAGE_INTERVAL: ACCEPTED
Got COMMAND_ACK: SET_MESSAGE_INTERVAL: ACCEPTED
Got COMMAND_ACK: SET_MESSAGE_INTERVAL: ACCEPTED
Got COMMAND_ACK: SET_MESSAGE_INTERVAL: ACCEPTED
Got COMMAND_ACK: SET_MESSAGE_INTERVAL: ACCEPTED
Got COMMAND_ACK: SET_MESSAGE_INTERVAL: ACCEPTED
Got COMMAND_ACK: SET_MESSAGE_INTERVAL: ACCEPTED
Got COMMAND_ACK: SET_MESSAGE_INTERVAL: ACCEPTED
Got COMMAND_ACK: SET_MESSAGE_INTERVAL: ACCEPTED
Got COMMAND_ACK: SET_MESSAGE_INTERVAL: ACCEPTED
Got COMMAND_ACK: SET_MESSAGE_INTERVAL: ACCEPTED
Got COMMAND_ACK: SET_MESSAGE_INTERVAL: ACCEPTED
Got COMMAND_ACK: SET_MESSAGE_INTERVAL: ACCEPTED
Got COMMAND_ACK: SET_MESSAGE_INTERVAL: ACCEPTED
Got COMMAND_ACK: SET_MESSAGE_INTERVAL: ACCEPTED
Got COMMAND_ACK: SET_MESSAGE_INTERVAL: ACCEPTED
Got COMMAND_ACK: SET_MESSAGE_INTERVAL: ACCEPTED
Got COMMAND_ACK: SET_MESSAGE_INTERVAL: ACCEPTED
Got COMMAND_ACK: SET_MESSAGE_INTERVAL: ACCEPTED
Got COMMAND_ACK: SET_MESSAGE_INTERVAL: ACCEPTED
Got COMMAND_ACK: SET_MESSAGE_INTERVAL: ACCEPTED
Got COMMAND_ACK: SET_MESSAGE_INTERVAL: ACCEPTED
Got COMMAND_ACK: SET_MESSAGE_INTERVAL: ACCEPTED
Got COMMAND_ACK: SET_MESSAGE_INTERVAL: ACCEPTED
Got COMMAND_ACK: SET_MESSAGE_INTERVAL: ACCEPTED
Got COMMAND_ACK: SET_MESSAGE_INTERVAL: ACCEPTED
Got COMMAND_ACK: SET_MESSAGE_INTERVAL: ACCEPTED
Got COMMAND_ACK: SET_MESSAGE_INTERVAL: ACCEPTED
Got COMMAND_ACK: SET_MESSAGE_INTERVAL: ACCEPTED
Got COMMAND_ACK: SET_MESSAGE_INTERVAL: ACCEPTED
Got COMMAND_ACK: SET_MESSAGE_INTERVAL: ACCEPTED
Got COMMAND_ACK: SET_MESSAGE_INTERVAL: ACCEPTED
Got COMMAND_ACK: SET_MESSAGE_INTERVAL: ACCEPTED
Got COMMAND_ACK: SET_MESSAGE_INTERVAL: ACCEPTED
Got COMMAND_ACK: SET_MESSAGE_INTERVAL: ACCEPTED
Got COMMAND_ACK: SET_MESSAGE_INTERVAL: ACCEPTED
Got COMMAND_ACK: SET_MESSAGE_INTERVAL: ACCEPTED
Got COMMAND_ACK: SET_MESSAGE_INTERVAL: ACCEPTED
Got COMMAND_ACK: SET_MESSAGE_INTERVAL: ACCEPTED
Got COMMAND_ACK: SET_MESSAGE_INTERVAL: ACCEPTED
Got COMMAND_ACK: SET_MESSAGE_INTERVAL: ACCEPTED
Got COMMAND_ACK: SET_MESSAGE_INTERVAL: ACCEPTED
Got COMMAND_ACK: SET_MESSAGE_INTERVAL: ACCEPTED
Got COMMAND_ACK: SET_MESSAGE_INTERVAL: ACCEPTED
Got COMMAND_ACK: SET_MESSAGE_INTERVAL: ACCEPTED
Got COMMAND_ACK: SET_MESSAGE_INTERVAL: ACCEPTED
Got COMMAND_ACK: SET_MESSAGE_INTERVAL: ACCEPTED
Got COMMAND_ACK: SET_MESSAGE_INTERVAL: ACCEPTED
Got COMMAND_ACK: SET_MESSAGE_INTERVAL: ACCEPTED
Got COMMAND_ACK: SET_MESSAGE_INTERVAL: ACCEPTED
Got COMMAND_ACK: SET_MESSAGE_INTERVAL: ACCEPTED
Got COMMAND_ACK: SET_MESSAGE_INTERVAL: ACCEPTED
Got COMMAND_ACK: SET_MESSAGE_INTERVAL: ACCEPTED
Got COMMAND_ACK: SET_MESSAGE_INTERVAL: ACCEPTED
Got COMMAND_ACK: SET_MESSAGE_INTERVAL: ACCEPTED
Got COMMAND_ACK: SET_MESSAGE_INTERVAL: ACCEPTED
Got COMMAND_ACK: SET_MESSAGE_INTERVAL: ACCEPTED
Got COMMAND_ACK: SET_MESSAGE_INTERVAL: ACCEPTED
Got COMMAND_ACK: SET_MESSAGE_INTERVAL: ACCEPTED
Got COMMAND_ACK: SET_MESSAGE_INTERVAL: ACCEPTED
Got COMMAND_ACK: SET_MESSAGE_INTERVAL: ACCEPTED
Got COMMAND_ACK: SET_MESSAGE_INTERVAL: ACCEPTED
Got COMMAND_ACK: SET_MESSAGE_INTERVAL: ACCEPTED
Got COMMAND_ACK: SET_MESSAGE_INTERVAL: ACCEPTED
Got COMMAND_ACK: SET_MESSAGE_INTERVAL: ACCEPTED
Got COMMAND_ACK: SET_MESSAGE_INTERVAL: ACCEPTED
Got COMMAND_ACK: SET_MESSAGE_INTERVAL: ACCEPTED
Got COMMAND_ACK: SET_MESSAGE_INTERVAL: ACCEPTED
Got COMMAND_ACK: SET_MESSAGE_INTERVAL: ACCEPTED
Got COMMAND_ACK: SET_MESSAGE_INTERVAL: ACCEPTED
Got COMMAND_ACK: SET_MESSAGE_INTERVAL: ACCEPTED
Got COMMAND_ACK: SET_MESSAGE_INTERVAL: ACCEPTED
Got COMMAND_ACK: SET_MESSAGE_INTERVAL: ACCEPTED
Got COMMAND_ACK: SET_MESSAGE_INTERVAL: ACCEPTED
Got COMMAND_ACK: SET_MESSAGE_INTERVAL: ACCEPTED
Got COMMAND_ACK: SET_MESSAGE_INTERVAL: ACCEPTED
Got COMMAND_ACK: SET_MESSAGE_INTERVAL: ACCEPTED
Got COMMAND_ACK: SET_MESSAGE_INTERVAL: ACCEPTED
Got COMMAND_ACK: SET_MESSAGE_INTERVAL: ACCEPTED
Got COMMAND_ACK: SET_MESSAGE_INTERVAL: ACCEPTED
Got COMMAND_ACK: SET_MESSAGE_INTERVAL: ACCEPTED
Got COMMAND_ACK: SET_MESSAGE_INTERVAL: ACCEPTED
Got COMMAND_ACK: SET_MESSAGE_INTERVAL: ACCEPTED
Got COMMAND_ACK: SET_MESSAGE_INTERVAL: ACCEPTED
Got COMMAND_ACK: SET_MESSAGE_INTERVAL: ACCEPTED
Got COMMAND_ACK: SET_MESSAGE_INTERVAL: ACCEPTED
Got COMMAND_ACK: SET_MESSAGE_INTERVAL: ACCEPTED
Got COMMAND_ACK: SET_MESSAGE_INTERVAL: ACCEPTED
Got COMMAND_ACK: SET_MESSAGE_INTERVAL: ACCEPTED
Got COMMAND_ACK: SET_MESSAGE_INTERVAL: ACCEPTED
Got COMMAND_ACK: SET_MESSAGE_INTERVAL: ACCEPTED
Got COMMAND_ACK: SET_MESSAGE_INTERVAL: ACCEPTED
Got COMMAND_ACK: SET_MESSAGE_INTERVAL: ACCEPTED
Got COMMAND_ACK: SET_MESSAGE_INTERVAL: ACCEPTED
Got COMMAND_ACK: SET_MESSAGE_INTERVAL: ACCEPTED
Got COMMAND_ACK: SET_MESSAGE_INTERVAL: ACCEPTED
Got COMMAND_ACK: SET_MESSAGE_INTERVAL: ACCEPTED
Got COMMAND_ACK: SET_MESSAGE_INTERVAL: ACCEPTED
Got COMMAND_ACK: SET_MESSAGE_INTERVAL: ACCEPTED
Got COMMAND_ACK: SET_MESSAGE_INTERVAL: ACCEPTED
Got COMMAND_ACK: SET_MESSAGE_INTERVAL: ACCEPTED
Got COMMAND_ACK: SET_MESSAGE_INTERVAL: ACCEPTED
Got COMMAND_ACK: SET_MESSAGE_INTERVAL: ACCEPTED
Got COMMAND_ACK: SET_MESSAGE_INTERVAL: ACCEPTED
Got COMMAND_ACK: SET_MESSAGE_INTERVAL: ACCEPTED
Got COMMAND_ACK: SET_MESSAGE_INTERVAL: ACCEPTED
Got COMMAND_ACK: SET_MESSAGE_INTERVAL: ACCEPTED
Got COMMAND_ACK: SET_MESSAGE_INTERVAL: ACCEPTED
Got COMMAND_ACK: SET_MESSAGE_INTERVAL: ACCEPTED
Got COMMAND_ACK: SET_MESSAGE_INTERVAL: ACCEPTED
Got COMMAND_ACK: SET_MESSAGE_INTERVAL: ACCEPTED
Got COMMAND_ACK: SET_MESSAGE_INTERVAL: ACCEPTED
Got COMMAND_ACK: SET_MESSAGE_INTERVAL: ACCEPTED
Got COMMAND_ACK: SET_MESSAGE_INTERVAL: ACCEPTED
Got COMMAND_ACK: SET_MESSAGE_INTERVAL: ACCEPTED
Got COMMAND_ACK: SET_MESSAGE_INTERVAL: ACCEPTED
Got COMMAND_ACK: SET_MESSAGE_INTERVAL: ACCEPTED
Got COMMAND_ACK: SET_MESSAGE_INTERVAL: ACCEPTED
Got COMMAND_ACK: SET_MESSAGE_INTERVAL: ACCEPTED
Got COMMAND_ACK: SET_MESSAGE_INTERVAL: ACCEPTED
Got COMMAND_ACK: SET_MESSAGE_INTERVAL: ACCEPTED
Got COMMAND_ACK: SET_MESSAGE_INTERVAL: ACCEPTED
Got COMMAND_ACK: SET_MESSAGE_INTERVAL: ACCEPTED
Got COMMAND_ACK: SET_MESSAGE_INTERVAL: ACCEPTED
Got COMMAND_ACK: SET_MESSAGE_INTERVAL: ACCEPTED
Got COMMAND_ACK: SET_MESSAGE_INTERVAL: ACCEPTED
Got COMMAND_ACK: SET_MESSAGE_INTERVAL: ACCEPTED
Got COMMAND_ACK: SET_MESSAGE_INTERVAL: ACCEPTED
Got COMMAND_ACK: SET_MESSAGE_INTERVAL: ACCEPTED
Got COMMAND_ACK: SET_MESSAGE_INTERVAL: ACCEPTED
Got COMMAND_ACK: SET_MESSAGE_INTERVAL: ACCEPTED
Got COMMAND_ACK: SET_MESSAGE_INTERVAL: ACCEPTED
Got COMMAND_ACK: SET_MESSAGE_INTERVAL: ACCEPTED
Got COMMAND_ACK: SET_MESSAGE_INTERVAL: ACCEPTED
Got COMMAND_ACK: SET_MESSAGE_INTERVAL: ACCEPTED
Got COMMAND_ACK: SET_MESSAGE_INTERVAL: ACCEPTED
Got COMMAND_ACK: SET_MESSAGE_INTERVAL: ACCEPTED
Got COMMAND_ACK: SET_MESSAGE_INTERVAL: ACCEPTED
Got COMMAND_ACK: SET_MESSAGE_INTERVAL: ACCEPTED
Got COMMAND_ACK: SET_MESSAGE_INTERVAL: ACCEPTED
Got COMMAND_ACK: SET_MESSAGE_INTERVAL: ACCEPTED
Got COMMAND_ACK: SET_MESSAGE_INTERVAL: ACCEPTED
Got COMMAND_ACK: SET_MESSAGE_INTERVAL: ACCEPTED
Got COMMAND_ACK: SET_MESSAGE_INTERVAL: ACCEPTED
Got COMMAND_ACK: SET_MESSAGE_INTERVAL: ACCEPTED
Got COMMAND_ACK: SET_MESSAGE_INTERVAL: ACCEPTED
Got COMMAND_ACK: SET_MESSAGE_INTERVAL: ACCEPTED
Got COMMAND_ACK: SET_MESSAGE_INTERVAL: ACCEPTED
Got COMMAND_ACK: SET_MESSAGE_INTERVAL: ACCEPTED
Got COMMAND_ACK: SET_MESSAGE_INTERVAL: ACCEPTED
Got COMMAND_ACK: SET_MESSAGE_INTERVAL: ACCEPTED
Got COMMAND_ACK: SET_MESSAGE_INTERVAL: ACCEPTED
Got COMMAND_ACK: SET_MESSAGE_INTERVAL: ACCEPTED
Got COMMAND_ACK: SET_MESSAGE_INTERVAL: ACCEPTED
Got COMMAND_ACK: SET_MESSAGE_INTERVAL: ACCEPTED
Got COMMAND_ACK: SET_MESSAGE_INTERVAL: ACCEPTED
Got COMMAND_ACK: SET_MESSAGE_INTERVAL: ACCEPTED
Got COMMAND_ACK: SET_MESSAGE_INTERVAL: ACCEPTED
Got COMMAND_ACK: SET_MESSAGE_INTERVAL: ACCEPTED
Got COMMAND_ACK: SET_MESSAGE_INTERVAL: ACCEPTED
Got COMMAND_ACK: SET_MESSAGE_INTERVAL: ACCEPTED
Got COMMAND_ACK: SET_MESSAGE_INTERVAL: ACCEPTED
Got COMMAND_ACK: SET_MESSAGE_INTERVAL: ACCEPTED
Got COMMAND_ACK: SET_MESSAGE_INTERVAL: ACCEPTED
Got COMMAND_ACK: SET_MESSAGE_INTERVAL: ACCEPTED
Got COMMAND_ACK: SET_MESSAGE_INTERVAL: ACCEPTED
Got COMMAND_ACK: SET_MESSAGE_INTERVAL: ACCEPTED
Got COMMAND_ACK: SET_MESSAGE_INTERVAL: ACCEPTED
Got COMMAND_ACK: SET_MESSAGE_INTERVAL: ACCEPTED
Got COMMAND_ACK: SET_MESSAGE_INTERVAL: ACCEPTED
Got COMMAND_ACK: SET_MESSAGE_INTERVAL: ACCEPTED
Got COMMAND_ACK: SET_MESSAGE_INTERVAL: ACCEPTED
Got COMMAND_ACK: SET_MESSAGE_INTERVAL: ACCEPTED
Got COMMAND_ACK: SET_MESSAGE_INTERVAL: ACCEPTED
Got COMMAND_ACK: SET_MESSAGE_INTERVAL: ACCEPTED
Got COMMAND_ACK: SET_MESSAGE_INTERVAL: ACCEPTED
Got COMMAND_ACK: SET_MESSAGE_INTERVAL: ACCEPTED
Got COMMAND_ACK: SET_MESSAGE_INTERVAL: ACCEPTED
Got COMMAND_ACK: SET_MESSAGE_INTERVAL: ACCEPTED
Got COMMAND_ACK: SET_MESSAGE_INTERVAL: ACCEPTED
Got COMMAND_ACK: SET_MESSAGE_INTERVAL: ACCEPTED
Got COMMAND_ACK: SET_MESSAGE_INTERVAL: ACCEPTED
Got COMMAND_ACK: SET_MESSAGE_INTERVAL: ACCEPTED
Got COMMAND_ACK: SET_MESSAGE_INTERVAL: ACCEPTED
Got COMMAND_ACK: SET_MESSAGE_INTERVAL: ACCEPTED
Got COMMAND_ACK: SET_MESSAGE_INTERVAL: ACCEPTED
Got COMMAND_ACK: SET_MESSAGE_INTERVAL: ACCEPTED
Got COMMAND_ACK: SET_MESSAGE_INTERVAL: ACCEPTED
Got COMMAND_ACK: SET_MESSAGE_INTERVAL: ACCEPTED
Got COMMAND_ACK: SET_MESSAGE_INTERVAL: ACCEPTED
Got COMMAND_ACK: SET_MESSAGE_INTERVAL: ACCEPTED
Got COMMAND_ACK: SET_MESSAGE_INTERVAL: ACCEPTED
Got COMMAND_ACK: SET_MESSAGE_INTERVAL: ACCEPTED
Got COMMAND_ACK: SET_MESSAGE_INTERVAL: ACCEPTED
Got COMMAND_ACK: SET_MESSAGE_INTERVAL: ACCEPTED
Got COMMAND_ACK: SET_MESSAGE_INTERVAL: ACCEPTED
Got COMMAND_ACK: SET_MESSAGE_INTERVAL: ACCEPTED
Got COMMAND_ACK: SET_MESSAGE_INTERVAL: ACCEPTED
Got COMMAND_ACK: SET_MESSAGE_INTERVAL: ACCEPTED
Got COMMAND_ACK: SET_MESSAGE_INTERVAL: ACCEPTED
Got COMMAND_ACK: SET_MESSAGE_INTERVAL: ACCEPTED
Got COMMAND_ACK: SET_MESSAGE_INTERVAL: ACCEPTED
Got COMMAND_ACK: SET_MESSAGE_INTERVAL: ACCEPTED
Got COMMAND_ACK: SET_MESSAGE_INTERVAL: ACCEPTED
Got COMMAND_ACK: SET_MESSAGE_INTERVAL: ACCEPTED
Got COMMAND_ACK: SET_MESSAGE_INTERVAL: ACCEPTED
Got COMMAND_ACK: SET_MESSAGE_INTERVAL: ACCEPTED
Got COMMAND_ACK: SET_MESSAGE_INTERVAL: ACCEPTED
Got COMMAND_ACK: SET_MESSAGE_INTERVAL: ACCEPTED
Got COMMAND_ACK: SET_MESSAGE_INTERVAL: ACCEPTED
Got COMMAND_ACK: SET_MESSAGE_INTERVAL: ACCEPTED
Got COMMAND_ACK: SET_MESSAGE_INTERVAL: ACCEPTED
Got COMMAND_ACK: SET_MESSAGE_INTERVAL: ACCEPTED
Got COMMAND_ACK: SET_MESSAGE_INTERVAL: ACCEPTED
Got COMMAND_ACK: SET_MESSAGE_INTERVAL: ACCEPTED
Got COMMAND_ACK: SET_MESSAGE_INTERVAL: ACCEPTED
Got COMMAND_ACK: SET_MESSAGE_INTERVAL: ACCEPTED
Got COMMAND_ACK: SET_MESSAGE_INTERVAL: ACCEPTED
Got COMMAND_ACK: SET_MESSAGE_INTERVAL: ACCEPTED
Got COMMAND_ACK: SET_MESSAGE_INTERVAL: ACCEPTED
Got COMMAND_ACK: SET_MESSAGE_INTERVAL: ACCEPTED
Got COMMAND_ACK: SET_MESSAGE_INTERVAL: ACCEPTED
Got COMMAND_ACK: SET_MESSAGE_INTERVAL: ACCEPTED
Got COMMAND_ACK: SET_MESSAGE_INTERVAL: ACCEPTED
Got COMMAND_ACK: SET_MESSAGE_INTERVAL: ACCEPTED
Got COMMAND_ACK: SET_MESSAGE_INTERVAL: ACCEPTED
Got COMMAND_ACK: SET_MESSAGE_INTERVAL: ACCEPTED
Got COMMAND_ACK: SET_MESSAGE_INTERVAL: ACCEPTED
Got COMMAND_ACK: SET_MESSAGE_INTERVAL: ACCEPTED
Got COMMAND_ACK: SET_MESSAGE_INTERVAL: ACCEPTED
Got COMMAND_ACK: SET_MESSAGE_INTERVAL: ACCEPTED
Got COMMAND_ACK: SET_MESSAGE_INTERVAL: ACCEPTED
Got COMMAND_ACK: SET_MESSAGE_INTERVAL: ACCEPTED
Got COMMAND_ACK: SET_MESSAGE_INTERVAL: ACCEPTED
Got COMMAND_ACK: SET_MESSAGE_INTERVAL: ACCEPTED
Got COMMAND_ACK: SET_MESSAGE_INTERVAL: ACCEPTED
Got COMMAND_ACK: SET_MESSAGE_INTERVAL: ACCEPTED
Got COMMAND_ACK: SET_MESSAGE_INTERVAL: ACCEPTED
Got COMMAND_ACK: SET_MESSAGE_INTERVAL: ACCEPTED
Got COMMAND_ACK: SET_MESSAGE_INTERVAL: ACCEPTED
Got COMMAND_ACK: SET_MESSAGE_INTERVAL: ACCEPTED
Got COMMAND_ACK: SET_MESSAGE_INTERVAL: ACCEPTED
Got COMMAND_ACK: SET_MESSAGE_INTERVAL: ACCEPTED
Got COMMAND_ACK: SET_MESSAGE_INTERVAL: ACCEPTED
Got COMMAND_ACK: SET_MESSAGE_INTERVAL: ACCEPTED
Got COMMAND_ACK: SET_MESSAGE_INTERVAL: ACCEPTED
Got COMMAND_ACK: SET_MESSAGE_INTERVAL: ACCEPTED
Got COMMAND_ACK: SET_MESSAGE_INTERVAL: ACCEPTED
Got COMMAND_ACK: SET_MESSAGE_INTERVAL: ACCEPTED
Got COMMAND_ACK: SET_MESSAGE_INTERVAL: ACCEPTED
Got COMMAND_ACK: SET_MESSAGE_INTERVAL: ACCEPTED
Got COMMAND_ACK: SET_MESSAGE_INTERVAL: ACCEPTED
Got COMMAND_ACK: SET_MESSAGE_INTERVAL: ACCEPTED
Got COMMAND_ACK: SET_MESSAGE_INTERVAL: ACCEPTED
